Archive member included to satisfy reference by file (symbol)

/usr/bin/../lib/gcc/arm-none-eabi/7.3.1/thumb/v7e-m/fpv4-sp/hard/libgcc.a(_aeabi_uldivmod.o)
                              out/lib/lpc_chip_43xx/src/uart_18xx_43xx.o (__aeabi_uldivmod)
/usr/bin/../lib/gcc/arm-none-eabi/7.3.1/thumb/v7e-m/fpv4-sp/hard/libgcc.a(_udivmoddi4.o)
                              /usr/bin/../lib/gcc/arm-none-eabi/7.3.1/thumb/v7e-m/fpv4-sp/hard/libgcc.a(_aeabi_uldivmod.o) (__udivmoddi4)
/usr/bin/../lib/gcc/arm-none-eabi/7.3.1/thumb/v7e-m/fpv4-sp/hard/libgcc.a(_dvmd_tls.o)
                              /usr/bin/../lib/gcc/arm-none-eabi/7.3.1/thumb/v7e-m/fpv4-sp/hard/libgcc.a(_aeabi_uldivmod.o) (__aeabi_ldiv0)
/usr/bin/../lib/gcc/arm-none-eabi/7.3.1/../../../../arm-none-eabi/lib/thumb/v7e-m/fpv4-sp/hard/libc_nano.a(lib_a-memcpy-stub.o)
                              out/lib/lpc_chip_43xx/src/ring_buffer.o (memcpy)
/usr/bin/../lib/gcc/arm-none-eabi/7.3.1/../../../../arm-none-eabi/lib/thumb/v7e-m/fpv4-sp/hard/libc_nano.a(lib_a-memset.o)
                              out/app/src/main.o (memset)

Allocating common symbols
Common symbol       size              file

stack1              0x200             out/app/src/main.o
SystemCoreClock     0x4               out/lib/lpc_chip_43xx/src/chip_18xx_43xx.o
sp1                 0x4               out/app/src/main.o
sp2                 0x4               out/app/src/main.o
stack2              0x200             out/app/src/main.o
pausems_count       0x4               out/app/src/main.o

Discarded input sections

 .group         0x0000000000000000        0xc out/app/src/main.o
 .group         0x0000000000000000        0xc out/app/src/main.o
 .group         0x0000000000000000        0xc out/app/src/main.o
 .group         0x0000000000000000        0xc out/app/src/main.o
 .group         0x0000000000000000        0xc out/app/src/main.o
 .group         0x0000000000000000        0xc out/app/src/main.o
 .group         0x0000000000000000        0xc out/app/src/main.o
 .group         0x0000000000000000        0xc out/app/src/main.o
 .group         0x0000000000000000        0xc out/app/src/main.o
 .group         0x0000000000000000        0xc out/app/src/main.o
 .group         0x0000000000000000        0xc out/app/src/main.o
 .group         0x0000000000000000        0xc out/app/src/main.o
 .group         0x0000000000000000        0xc out/app/src/main.o
 .group         0x0000000000000000        0xc out/app/src/main.o
 .group         0x0000000000000000        0xc out/app/src/main.o
 .group         0x0000000000000000        0xc out/app/src/main.o
 .group         0x0000000000000000        0xc out/app/src/main.o
 .group         0x0000000000000000        0xc out/app/src/main.o
 .group         0x0000000000000000        0xc out/app/src/main.o
 .group         0x0000000000000000        0xc out/app/src/main.o
 .group         0x0000000000000000        0xc out/app/src/main.o
 .group         0x0000000000000000        0xc out/app/src/main.o
 .group         0x0000000000000000        0xc out/app/src/main.o
 .group         0x0000000000000000        0xc out/app/src/main.o
 .group         0x0000000000000000        0xc out/app/src/main.o
 .group         0x0000000000000000        0xc out/app/src/main.o
 .group         0x0000000000000000        0xc out/app/src/main.o
 .group         0x0000000000000000        0xc out/app/src/main.o
 .group         0x0000000000000000        0xc out/app/src/main.o
 .group         0x0000000000000000        0xc out/app/src/main.o
 .group         0x0000000000000000        0xc out/app/src/main.o
 .group         0x0000000000000000        0xc out/app/src/main.o
 .group         0x0000000000000000        0xc out/app/src/main.o
 .group         0x0000000000000000        0xc out/app/src/main.o
 .group         0x0000000000000000        0xc out/app/src/main.o
 .group         0x0000000000000000        0xc out/app/src/main.o
 .group         0x0000000000000000        0xc out/app/src/main.o
 .group         0x0000000000000000        0xc out/app/src/main.o
 .group         0x0000000000000000        0xc out/app/src/main.o
 .group         0x0000000000000000        0xc out/app/src/main.o
 .group         0x0000000000000000        0xc out/app/src/main.o
 .group         0x0000000000000000        0xc out/app/src/main.o
 .group         0x0000000000000000        0xc out/app/src/main.o
 .group         0x0000000000000000        0xc out/app/src/main.o
 .group         0x0000000000000000        0xc out/app/src/main.o
 .group         0x0000000000000000        0xc out/app/src/main.o
 .group         0x0000000000000000        0xc out/app/src/main.o
 .group         0x0000000000000000        0xc out/app/src/main.o
 .group         0x0000000000000000        0xc out/app/src/main.o
 .group         0x0000000000000000        0xc out/app/src/main.o
 .group         0x0000000000000000        0xc out/app/src/main.o
 .group         0x0000000000000000        0xc out/app/src/main.o
 .group         0x0000000000000000        0xc out/app/src/main.o
[...]
Memory Configuration

Name             Origin             Length             Attributes
MFlashA512       0x000000001a000000 0x0000000000080000 xr
MFlashB512       0x000000001b000000 0x0000000000080000 xr
RamLoc32         0x0000000010000000 0x0000000000008000 xrw
RamLoc40         0x0000000010080000 0x000000000000a000 xrw
RamAHB32         0x0000000020000000 0x0000000000008000 xrw
RamAHB16         0x0000000020008000 0x0000000000004000 xrw
RamAHB_ETB16     0x000000002000c000 0x0000000000004000 xrw
*default*        0x0000000000000000 0xffffffffffffffff

Linker script and memory map

LOAD out/app/src/main.o
LOAD out/lib/lpc_chip_43xx/src/hsadc_18xx_43xx.o
LOAD out/lib/lpc_chip_43xx/src/sct_18xx_43xx.o
LOAD out/lib/lpc_chip_43xx/src/i2c_18xx_43xx.o
LOAD out/lib/lpc_chip_43xx/src/lcd_18xx_43xx.o
LOAD out/lib/lpc_chip_43xx/src/uart_18xx_43xx.o
LOAD out/lib/lpc_chip_43xx/src/adc_18xx_43xx.o
LOAD out/lib/lpc_chip_43xx/src/ring_buffer.o
LOAD out/lib/lpc_chip_43xx/src/sdif_18xx_43xx.o
LOAD out/lib/lpc_chip_43xx/src/clock_18xx_43xx.o
LOAD out/lib/lpc_chip_43xx/src/sysinit_18xx_43xx.o
LOAD out/lib/lpc_chip_43xx/src/atimer_18xx_43xx.o
LOAD out/lib/lpc_chip_43xx/src/iap_18xx_43xx.o
LOAD out/lib/lpc_chip_43xx/src/ritimer_18xx_43xx.o
LOAD out/lib/lpc_chip_43xx/src/enet_18xx_43xx.o
LOAD out/lib/lpc_chip_43xx/src/ccan_18xx_43xx.o
LOAD out/lib/lpc_chip_43xx/src/spi_18xx_43xx.o
LOAD out/lib/lpc_chip_43xx/src/gpio_18xx_43xx.o
LOAD out/lib/lpc_chip_43xx/src/gpdma_18xx_43xx.o
LOAD out/lib/lpc_chip_43xx/src/ssp_18xx_43xx.o
LOAD out/lib/lpc_chip_43xx/src/pmc_18xx_43xx.o
LOAD out/lib/lpc_chip_43xx/src/gpiogroup_18xx_43xx.o
LOAD out/lib/lpc_chip_43xx/src/wwdt_18xx_43xx.o
LOAD out/lib/lpc_chip_43xx/src/stopwatch_18xx_43xx.o
LOAD out/lib/lpc_chip_43xx/src/chip_18xx_43xx.o
LOAD out/lib/lpc_chip_43xx/src/emc_18xx_43xx.o
LOAD out/lib/lpc_chip_43xx/src/otp_18xx_43xx.o
LOAD out/lib/lpc_chip_43xx/src/aes_18xx_43xx.o
LOAD out/lib/lpc_chip_43xx/src/i2s_18xx_43xx.o
LOAD out/lib/lpc_chip_43xx/src/sdio_18xx_43xx.o
LOAD out/lib/lpc_chip_43xx/src/timer_18xx_43xx.o
LOAD out/lib/lpc_chip_43xx/src/i2cm_18xx_43xx.o
LOAD out/lib/lpc_chip_43xx/src/pinint_18xx_43xx.o
LOAD out/lib/lpc_chip_43xx/src/dac_18xx_43xx.o
LOAD out/lib/lpc_chip_43xx/src/eeprom_18xx_43xx.o
LOAD out/lib/lpc_chip_43xx/src/rtc_18xx_43xx.o
LOAD out/lib/lpc_chip_43xx/src/fpu_init.o
LOAD out/lib/lpc_chip_43xx/src/sdmmc_18xx_43xx.o
LOAD out/lib/lpc_chip_43xx/src/evrt_18xx_43xx.o
LOAD out/lib/lpc_chip_43xx/src/sct_pwm_18xx_43xx.o
LOAD out/lib/lpc_board_ciaa_edu_4337/src/cmsis_heper.o
LOAD out/lib/lpc_board_ciaa_edu_4337/src/cr_startup_lpc43xx.o
LOAD out/lib/lpc_board_ciaa_edu_4337/src/board_sysinit.o
LOAD out/lib/lpc_board_ciaa_edu_4337/src/crp.o
LOAD out/lib/lpc_board_ciaa_edu_4337/src/board.o
LOAD out/lib/lpc_board_ciaa_edu_4337/src/sysinit.o
LOAD out/lib/lpc_board_ciaa_edu_4337/src/system.o
LOAD out/app/src/SysTick_Handler.o
START GROUP
LOAD /usr/bin/../lib/gcc/arm-none-eabi/7.3.1/thumb/v7e-m/fpv4-sp/hard/libgcc.a
LOAD /usr/bin/../lib/gcc/arm-none-eabi/7.3.1/../../../../arm-none-eabi/lib/thumb/v7e-m/fpv4-sp/hard/libc_nano.a
END GROUP
START GROUP
LOAD /usr/bin/../lib/gcc/arm-none-eabi/7.3.1/thumb/v7e-m/fpv4-sp/hard/libgcc.a
LOAD /usr/bin/../lib/gcc/arm-none-eabi/7.3.1/../../../../arm-none-eabi/lib/thumb/v7e-m/fpv4-sp/hard/libc_nano.a
END GROUP
START GROUP
LOAD /usr/bin/../lib/gcc/arm-none-eabi/7.3.1/thumb/v7e-m/fpv4-sp/hard/libgcc.a
LOAD /usr/bin/../lib/gcc/arm-none-eabi/7.3.1/../../../../arm-none-eabi/lib/thumb/v7e-m/fpv4-sp/hard/libc.a
LOAD /usr/bin/../lib/gcc/arm-none-eabi/7.3.1/../../../../arm-none-eabi/lib/thumb/v7e-m/fpv4-sp/hard/libm.a
END GROUP
                0x000000001a080000                __top_MFlashA512 = 0x1a080000
                0x000000001b080000                __top_MFlashB512 = 0x1b080000
                0x0000000010008000                __top_RamLoc32 = 0x10008000
                0x000000001008a000                __top_RamLoc40 = 0x1008a000
                0x0000000020008000                __top_RamAHB32 = 0x20008000
                0x000000002000c000                __top_RamAHB16 = 0x2000c000
                0x0000000020010000                __top_RamAHB_ETB16 = 0x20010000

.text_Flash2    0x000000001b000000        0x0
 FILL mask 0xff
 *(.text_Flash2*)
 *(.text_MFlashB512*)
 *(.text.$Flash2*)
 *(.text.$MFlashB512*)
 *(.rodata.$Flash2*)
 *(.rodata.$MFlashB512*)

.text           0x000000001a000000     0x130c
 FILL mask 0xff
                0x000000001a000000                __vectors_start__ = ABSOLUTE (.)
 *(.isr_vector)
 .isr_vector    0x000000001a000000      0x114 out/lib/lpc_board_ciaa_edu_4337/src/cr_startup_lpc43xx.o
                0x000000001a000000                g_pfnVectors
                0x000000001a000114                . = ALIGN (0x4)
                0x000000001a000114                __section_table_start = .
                0x000000001a000114                __data_section_table = .
                0x000000001a000114        0x4 LONG 0x1a001314 LOADADDR (.data)
                0x000000001a000118        0x4 LONG 0x10000000 ADDR (.data)
                0x000000001a00011c        0x4 LONG 0x0 SIZEOF (.data)
                0x000000001a000120        0x4 LONG 0x1a001314 LOADADDR (.data_RAM2)
                0x000000001a000124        0x4 LONG 0x10080000 ADDR (.data_RAM2)
                0x000000001a000128        0x4 LONG 0x0 SIZEOF (.data_RAM2)
                0x000000001a00012c        0x4 LONG 0x1a001314 LOADADDR (.data_RAM3)
                0x000000001a000130        0x4 LONG 0x20000000 ADDR (.data_RAM3)
                0x000000001a000134        0x4 LONG 0x0 SIZEOF (.data_RAM3)
                0x000000001a000138        0x4 LONG 0x1a001314 LOADADDR (.data_RAM4)
                0x000000001a00013c        0x4 LONG 0x20008000 ADDR (.data_RAM4)
                0x000000001a000140        0x4 LONG 0x0 SIZEOF (.data_RAM4)
                0x000000001a000144        0x4 LONG 0x1a001314 LOADADDR (.data_RAM5)
                0x000000001a000148        0x4 LONG 0x2000c000 ADDR (.data_RAM5)
                0x000000001a00014c        0x4 LONG 0x0 SIZEOF (.data_RAM5)
                0x000000001a000150                __data_section_table_end = .
                0x000000001a000150                __bss_section_table = .
                0x000000001a000150        0x4 LONG 0x10000000 ADDR (.bss)
                0x000000001a000154        0x4 LONG 0x41c SIZEOF (.bss)
                0x000000001a000158        0x4 LONG 0x10080000 ADDR (.bss_RAM2)
                0x000000001a00015c        0x4 LONG 0x0 SIZEOF (.bss_RAM2)
                0x000000001a000160        0x4 LONG 0x20000000 ADDR (.bss_RAM3)
                0x000000001a000164        0x4 LONG 0x0 SIZEOF (.bss_RAM3)
                0x000000001a000168        0x4 LONG 0x20008000 ADDR (.bss_RAM4)
                0x000000001a00016c        0x4 LONG 0x0 SIZEOF (.bss_RAM4)
                0x000000001a000170        0x4 LONG 0x2000c000 ADDR (.bss_RAM5)
                0x000000001a000174        0x4 LONG 0x0 SIZEOF (.bss_RAM5)
                0x000000001a000178                __bss_section_table_end = .
                0x000000001a000178                __section_table_end = .
 *(.after_vectors*)
 .after_vectors
                0x000000001a000178       0x42 out/lib/lpc_board_ciaa_edu_4337/src/cr_startup_lpc43xx.o
                0x000000001a000178                NMI_Handler
                0x000000001a00017a                HardFault_Handler
                0x000000001a00017c                MemManage_Handler
                0x000000001a00017e                BusFault_Handler
                0x000000001a000180                UsageFault_Handler
                0x000000001a000182                SVC_Handler
                0x000000001a000184                DebugMon_Handler
                0x000000001a000186                PendSV_Handler
                0x000000001a000188                TIMER2_IRQHandler
                0x000000001a000188                RIT_IRQHandler
                0x000000001a000188                ADCHS_IRQHandler
                0x000000001a000188                FLASH_EEPROM_IRQHandler
                0x000000001a000188                I2C0_IRQHandler
                0x000000001a000188                SDIO_IRQHandler
                0x000000001a000188                ATIMER_IRQHandler
                0x000000001a000188                I2C1_IRQHandler
                0x000000001a000188                UART1_IRQHandler
                0x000000001a000188                GPIO5_IRQHandler
                0x000000001a000188                CAN1_IRQHandler
                0x000000001a000188                USB1_IRQHandler
                0x000000001a000188                I2S0_IRQHandler
                0x000000001a000188                TIMER3_IRQHandler
                0x000000001a000188                UART0_IRQHandler
                0x000000001a000188                SGPIO_IRQHandler
                0x000000001a000188                ADC0_IRQHandler
                0x000000001a000188                GPIO6_IRQHandler
                0x000000001a000188                IntDefaultHandler
                0x000000001a000188                GPIO1_IRQHandler
                0x000000001a000188                SSP0_IRQHandler
                0x000000001a000188                ADC1_IRQHandler
                0x000000001a000188                RTC_IRQHandler
                0x000000001a000188                TIMER0_IRQHandler
                0x000000001a000188                SPI_IRQHandler
                0x000000001a000188                LCD_IRQHandler
                0x000000001a000188                TIMER1_IRQHandler
                0x000000001a000188                UART2_IRQHandler
                0x000000001a000188                GPIO2_IRQHandler
                0x000000001a000188                I2S1_IRQHandler
                0x000000001a000188                SSP1_IRQHandler
                0x000000001a000188                USB0_IRQHandler
                0x000000001a000188                GPIO3_IRQHandler
                0x000000001a000188                SCT_IRQHandler
                0x000000001a000188                WDT_IRQHandler
                0x000000001a000188                GPIO7_IRQHandler
                0x000000001a000188                SPIFI_IRQHandler
                0x000000001a000188                QEI_IRQHandler
                0x000000001a000188                ETH_IRQHandler
                0x000000001a000188                CAN0_IRQHandler
                0x000000001a000188                GINT0_IRQHandler
                0x000000001a000188                DAC_IRQHandler
                0x000000001a000188                M0SUB_IRQHandler
                0x000000001a000188                GPIO0_IRQHandler
                0x000000001a000188                DMA_IRQHandler
                0x000000001a000188                EVRT_IRQHandler
                0x000000001a000188                UART3_IRQHandler
                0x000000001a000188                MCPWM_IRQHandler
                0x000000001a000188                M0APP_IRQHandler
                0x000000001a000188                GINT1_IRQHandler
                0x000000001a000188                GPIO4_IRQHandler
                0x000000001a00018a                data_init
                0x000000001a0001a8                bss_init
                0x00000000000002fc                . = 0x2fc
 *fill*         0x000000001a0001ba      0x142 ff
                0x000000001a0002fc                PROVIDE (__CRP_WORD_START__ = .)
 *(.crp)
 .crp           0x000000001a0002fc        0x4 out/lib/lpc_board_ciaa_edu_4337/src/crp.o
                0x000000001a0002fc                CRP_WORD
                0x000000001a000300                PROVIDE (__CRP_WORD_END__ = .)
                0x0000000000000001                ASSERT (! ((__CRP_WORD_START__ == __CRP_WORD_END__)), Linker CRP Enabled, but no CRP_WORD provided within application)
 *(.text*)
 .text.task_return_hook
                0x000000001a000300        0x4 out/app/src/main.o
                0x000000001a000300                task_return_hook
 .text.task1    0x000000001a000304        0x4 out/app/src/main.o
                0x000000001a000304                task1
 .text.task2    0x000000001a000308        0x4 out/app/src/main.o
                0x000000001a000308                task2
 .text.initHardware
                0x000000001a00030c       0x44 out/app/src/main.o
 .text.init_stack
                0x000000001a000350       0x4c out/app/src/main.o
                0x000000001a000350                init_stack
 .text.get_next_context
                0x000000001a00039c       0x4c out/app/src/main.o
                0x000000001a00039c                get_next_context
 .text.main     0x000000001a0003e8       0x50 out/app/src/main.o
                0x000000001a0003e8                main
 .text.Chip_UART_GetIndex
                0x000000001a000438       0x2c out/lib/lpc_chip_43xx/src/uart_18xx_43xx.o
 .text.Chip_UART_Init
                0x000000001a000464       0x54 out/lib/lpc_chip_43xx/src/uart_18xx_43xx.o
                0x000000001a000464                Chip_UART_Init
 .text.Chip_UART_SetBaudFDR
                0x000000001a0004b8       0xe8 out/lib/lpc_chip_43xx/src/uart_18xx_43xx.o
                0x000000001a0004b8                Chip_UART_SetBaudFDR
 .text.pll_calc_divs
                0x000000001a0005a0       0xa4 out/lib/lpc_chip_43xx/src/clock_18xx_43xx.o
 .text.pll_get_frac
                0x000000001a000644      0x100 out/lib/lpc_chip_43xx/src/clock_18xx_43xx.o
 .text.Chip_Clock_FindBaseClock
                0x000000001a000744       0x4c out/lib/lpc_chip_43xx/src/clock_18xx_43xx.o
 .text.Chip_Clock_EnableCrystal
                0x000000001a000790       0x4c out/lib/lpc_chip_43xx/src/clock_18xx_43xx.o
                0x000000001a000790                Chip_Clock_EnableCrystal
 .text.Chip_Clock_GetDividerSource
                0x000000001a0007dc       0x1c out/lib/lpc_chip_43xx/src/clock_18xx_43xx.o
                0x000000001a0007dc                Chip_Clock_GetDividerSource
 .text.Chip_Clock_GetDividerDivisor
                0x000000001a0007f8       0x1c out/lib/lpc_chip_43xx/src/clock_18xx_43xx.o
                0x000000001a0007f8                Chip_Clock_GetDividerDivisor
 .text.Chip_Clock_GetClockInputHz
                0x000000001a000814       0xb8 out/lib/lpc_chip_43xx/src/clock_18xx_43xx.o
                0x000000001a000814                Chip_Clock_GetClockInputHz
 .text.Chip_Clock_CalcMainPLLValue
                0x000000001a0008cc       0x80 out/lib/lpc_chip_43xx/src/clock_18xx_43xx.o
                0x000000001a0008cc                Chip_Clock_CalcMainPLLValue
 .text.Chip_Clock_GetMainPLLHz
                0x000000001a00094c       0x6c out/lib/lpc_chip_43xx/src/clock_18xx_43xx.o
                0x000000001a00094c                Chip_Clock_GetMainPLLHz
 .text.Chip_Clock_GetDivRate
                0x000000001a0009b8       0x22 out/lib/lpc_chip_43xx/src/clock_18xx_43xx.o
 *fill*         0x000000001a0009da        0x2 ff
 .text.Chip_Clock_SetBaseClock
                0x000000001a0009dc       0x58 out/lib/lpc_chip_43xx/src/clock_18xx_43xx.o
                0x000000001a0009dc                Chip_Clock_SetBaseClock
 .text.Chip_Clock_GetBaseClock
                0x000000001a000a34       0x26 out/lib/lpc_chip_43xx/src/clock_18xx_43xx.o
                0x000000001a000a34                Chip_Clock_GetBaseClock
 .text.Chip_Clock_GetBaseClocktHz
                0x000000001a000a5a        0xc out/lib/lpc_chip_43xx/src/clock_18xx_43xx.o
                0x000000001a000a5a                Chip_Clock_GetBaseClocktHz
 *fill*         0x000000001a000a66        0x2 ff
 .text.Chip_Clock_EnableOpts
                0x000000001a000a68       0x3c out/lib/lpc_chip_43xx/src/clock_18xx_43xx.o
                0x000000001a000a68                Chip_Clock_EnableOpts
 .text.Chip_Clock_GetRate
                0x000000001a000aa4       0x4c out/lib/lpc_chip_43xx/src/clock_18xx_43xx.o
                0x000000001a000aa4                Chip_Clock_GetRate
 .text.Chip_SetupCoreClock
                0x000000001a000af0      0x158 out/lib/lpc_chip_43xx/src/sysinit_18xx_43xx.o
                0x000000001a000af0                Chip_SetupCoreClock
 .text.Chip_GPIO_Init
                0x000000001a000c48        0x2 out/lib/lpc_chip_43xx/src/gpio_18xx_43xx.o
                0x000000001a000c48                Chip_GPIO_Init
 *fill*         0x000000001a000c4a        0x2 ff
 .text.SystemCoreClockUpdate
                0x000000001a000c4c       0x14 out/lib/lpc_chip_43xx/src/chip_18xx_43xx.o
                0x000000001a000c4c                SystemCoreClockUpdate
 .text.fpuInit  0x000000001a000c60       0x54 out/lib/lpc_chip_43xx/src/fpu_init.o
                0x000000001a000c60                fpuInit
 .text.ResetISR
                0x000000001a000cb4       0x7c out/lib/lpc_board_ciaa_edu_4337/src/cr_startup_lpc43xx.o
                0x000000001a000cb4                ResetISR
 .text.Board_SetupMuxing
                0x000000001a000d30       0x38 out/lib/lpc_board_ciaa_edu_4337/src/board_sysinit.o
                0x000000001a000d30                Board_SetupMuxing
 .text.Board_SetupClocking
                0x000000001a000d68       0x6c out/lib/lpc_board_ciaa_edu_4337/src/board_sysinit.o
                0x000000001a000d68                Board_SetupClocking
 .text.Board_SystemInit
                0x000000001a000dd4        0xc out/lib/lpc_board_ciaa_edu_4337/src/board_sysinit.o
                0x000000001a000dd4                Board_SystemInit
 .text.Board_LED_Init
                0x000000001a000de0       0x44 out/lib/lpc_board_ciaa_edu_4337/src/board.o
 .text.Board_UART_Init
                0x000000001a000e24       0x14 out/lib/lpc_board_ciaa_edu_4337/src/board.o
                0x000000001a000e24                Board_UART_Init
 .text.Board_Debug_Init
                0x000000001a000e38       0x28 out/lib/lpc_board_ciaa_edu_4337/src/board.o
                0x000000001a000e38                Board_Debug_Init
 .text.Board_Init
                0x000000001a000e60       0x28 out/lib/lpc_board_ciaa_edu_4337/src/board.o
                0x000000001a000e60                Board_Init
 .text.SystemInit
                0x000000001a000e88        0xc out/lib/lpc_board_ciaa_edu_4337/src/sysinit.o
                0x000000001a000e88                SystemInit
 .text          0x000000001a000e94       0x16 out/app/src/SysTick_Handler.o
                0x000000001a000e94                SysTick_Handler
 *fill*         0x000000001a000eaa        0x2 ff
 .text          0x000000001a000eac       0x30 /usr/bin/../lib/gcc/arm-none-eabi/7.3.1/thumb/v7e-m/fpv4-sp/hard/libgcc.a(_aeabi_uldivmod.o)
                0x000000001a000eac                __aeabi_uldivmod
 .text          0x000000001a000edc      0x2cc /usr/bin/../lib/gcc/arm-none-eabi/7.3.1/thumb/v7e-m/fpv4-sp/hard/libgcc.a(_udivmoddi4.o)
                0x000000001a000edc                __udivmoddi4
 .text          0x000000001a0011a8        0x4 /usr/bin/../lib/gcc/arm-none-eabi/7.3.1/thumb/v7e-m/fpv4-sp/hard/libgcc.a(_dvmd_tls.o)
                0x000000001a0011a8                __aeabi_ldiv0
                0x000000001a0011a8                __aeabi_idiv0
 .text.memset   0x000000001a0011ac       0x10 /usr/bin/../lib/gcc/arm-none-eabi/7.3.1/../../../../arm-none-eabi/lib/thumb/v7e-m/fpv4-sp/hard/libc_nano.a(lib_a-memset.o)
                0x000000001a0011ac                memset
 *(.rodata .rodata.* .constdata .constdata.*)
 .rodata.UART_BClock
                0x000000001a0011bc        0x8 out/lib/lpc_chip_43xx/src/uart_18xx_43xx.o
 .rodata.UART_PClock
                0x000000001a0011c4        0x8 out/lib/lpc_chip_43xx/src/uart_18xx_43xx.o
 .rodata        0x000000001a0011cc        0x4 out/lib/lpc_chip_43xx/src/clock_18xx_43xx.o
 .rodata.Chip_Clock_SetDivider.str1.4
                0x000000001a0011d0        0x8 out/lib/lpc_chip_43xx/src/clock_18xx_43xx.o
                                          0x6 (size before relaxing)
 .rodata.periph_to_base
                0x000000001a0011d8       0x6c out/lib/lpc_chip_43xx/src/clock_18xx_43xx.o
 .rodata.InitClkStates
                0x000000001a001244       0x48 out/lib/lpc_chip_43xx/src/sysinit_18xx_43xx.o
 .rodata.InitClkStates
                0x000000001a00128c        0xc out/lib/lpc_board_ciaa_edu_4337/src/board_sysinit.o
 .rodata.pinmuxing
                0x000000001a001298       0x60 out/lib/lpc_board_ciaa_edu_4337/src/board_sysinit.o
 .rodata.ExtRateIn
                0x000000001a0012f8        0x4 out/lib/lpc_board_ciaa_edu_4337/src/board.o
                0x000000001a0012f8                ExtRateIn
 .rodata.OscRateIn
                0x000000001a0012fc        0x4 out/lib/lpc_board_ciaa_edu_4337/src/board.o
                0x000000001a0012fc                OscRateIn
 .rodata.gpioLEDBits
                0x000000001a001300        0xc out/lib/lpc_board_ciaa_edu_4337/src/board.o
                0x000000001a00130c                . = ALIGN (0x4)

.glue_7         0x000000001a00130c        0x0
 .glue_7        0x000000001a00130c        0x0 linker stubs

.glue_7t        0x000000001a00130c        0x0
 .glue_7t       0x000000001a00130c        0x0 linker stubs

.vfp11_veneer   0x000000001a00130c        0x0
 .vfp11_veneer  0x000000001a00130c        0x0 linker stubs

.v4_bx          0x000000001a00130c        0x0
 .v4_bx         0x000000001a00130c        0x0 linker stubs

.iplt           0x000000001a00130c        0x0
 .iplt          0x000000001a00130c        0x0 out/app/src/main.o

.ARM.extab
 *(.ARM.extab* .gnu.linkonce.armextab.*)
                0x000000001a00130c                __exidx_start = .

.ARM.exidx      0x000000001a00130c        0x8
 *(.ARM.exidx* .gnu.linkonce.armexidx.*)
 .ARM.exidx     0x000000001a00130c        0x8 /usr/bin/../lib/gcc/arm-none-eabi/7.3.1/thumb/v7e-m/fpv4-sp/hard/libgcc.a(_udivmoddi4.o)
                0x000000001a001314                __exidx_end = .
                0x000000001a001314                _etext = .

.rel.dyn        0x000000001a001314        0x0
 .rel.iplt      0x000000001a001314        0x0 out/app/src/main.o

.data_RAM2      0x0000000010080000        0x0 load address 0x000000001a001314
 FILL mask 0xff
 *(.ramfunc.$RAM2)
 *(.ramfunc.$RamLoc40)
 *(.data.$RAM2*)
 *(.data.$RamLoc40*)
                0x0000000010080000                . = ALIGN (0x4)

.data_RAM3      0x0000000020000000        0x0 load address 0x000000001a001314
 FILL mask 0xff
 *(.ramfunc.$RAM3)
 *(.ramfunc.$RamAHB32)
 *(.data.$RAM3*)
 *(.data.$RamAHB32*)
                0x0000000020000000                . = ALIGN (0x4)

.data_RAM4      0x0000000020008000        0x0 load address 0x000000001a001314
 FILL mask 0xff
 *(.ramfunc.$RAM4)
 *(.ramfunc.$RamAHB16)
 *(.data.$RAM4*)
 *(.data.$RamAHB16*)
                0x0000000020008000                . = ALIGN (0x4)

.data_RAM5      0x000000002000c000        0x0 load address 0x000000001a001314
 FILL mask 0xff
 *(.ramfunc.$RAM5)
 *(.ramfunc.$RamAHB_ETB16)
 *(.data.$RAM5*)
 *(.data.$RamAHB_ETB16*)
                0x000000002000c000                . = ALIGN (0x4)

.uninit_RESERVED
                0x0000000010000000        0x0
 *(.bss.$RESERVED*)
                0x0000000010000000                . = ALIGN (0x4)
                0x0000000010000000                _end_uninit_RESERVED = .

.data           0x0000000010000000        0x0 load address 0x000000001a001314
 FILL mask 0xff
                0x0000000010000000                _data = .
 *(vtable)
 *(.ramfunc*)
 *(.data*)
                0x0000000010000000                . = ALIGN (0x4)
                0x0000000010000000                _edata = .

.igot.plt       0x0000000010000000        0x0 load address 0x000000001a001314
 .igot.plt      0x0000000010000000        0x0 out/app/src/main.o

.bss_RAM2       0x0000000010080000        0x0
 *(.bss.$RAM2*)
 *(.bss.$RamLoc40*)
                0x0000000010080000                . = ALIGN (0x4)

.bss_RAM3       0x0000000020000000        0x0
 *(.bss.$RAM3*)
 *(.bss.$RamAHB32*)
                0x0000000020000000                . = ALIGN (0x4)

.bss_RAM4       0x0000000020008000        0x0
 *(.bss.$RAM4*)
 *(.bss.$RamAHB16*)
                0x0000000020008000                . = ALIGN (0x4)

.bss_RAM5       0x000000002000c000        0x0
 *(.bss.$RAM5*)
 *(.bss.$RamAHB_ETB16*)
                0x000000002000c000                . = ALIGN (0x4)

.bss            0x0000000010000000      0x41c
                0x0000000010000000                _bss = .
 *(.bss*)
 .bss.current_task
                0x0000000010000000        0x4 out/app/src/main.o
                0x0000000010000000                current_task
 .bss.audio_usb_pll_freq
                0x0000000010000004        0x8 out/lib/lpc_chip_43xx/src/clock_18xx_43xx.o
 *(COMMON)
 COMMON         0x000000001000000c      0x40c out/app/src/main.o
                0x000000001000000c                stack1
                0x000000001000020c                sp1
                0x0000000010000210                sp2
                0x0000000010000214                stack2
                0x0000000010000414                pausems_count
 COMMON         0x0000000010000418        0x4 out/lib/lpc_chip_43xx/src/chip_18xx_43xx.o
                0x0000000010000418                SystemCoreClock
                0x000000001000041c                . = ALIGN (0x4)
                0x000000001000041c                _ebss = .
                [!provide]                        PROVIDE (end = .)

.noinit_RAM2    0x0000000010080000        0x0
 *(.noinit.$RAM2*)
 *(.noinit.$RamLoc40*)
                0x0000000010080000                . = ALIGN (0x4)

.noinit_RAM3    0x0000000020000000        0x0
 *(.noinit.$RAM3*)
 *(.noinit.$RamAHB32*)
                0x0000000020000000                . = ALIGN (0x4)

.noinit_RAM4    0x0000000020008000        0x0
 *(.noinit.$RAM4*)
 *(.noinit.$RamAHB16*)
                0x0000000020008000                . = ALIGN (0x4)

.noinit_RAM5    0x000000002000c000        0x0
 *(.noinit.$RAM5*)
 *(.noinit.$RamAHB_ETB16*)
                0x000000002000c000                . = ALIGN (0x4)

.noinit         0x000000001000041c        0x0
                0x000000001000041c                _noinit = .
 *(.noinit*)
                0x000000001000041c                . = ALIGN (0x4)
                0x000000001000041c                _end_noinit = .
                0x000000001000041c                PROVIDE (_pvHeapStart = .)
                0x0000000010008000                PROVIDE (_vStackTop = (__top_RamLoc32 - 0x0))
OUTPUT(out/sistemaoperativo.elf elf32-littlearm)

.debug_info     0x0000000000000000     0xa4f0
 .debug_info    0x0000000000000000     0x15f6 out/app/src/main.o
 .debug_info    0x00000000000015f6     0x164f out/lib/lpc_chip_43xx/src/uart_18xx_43xx.o
 .debug_info    0x0000000000002c45     0x18ed out/lib/lpc_chip_43xx/src/clock_18xx_43xx.o
 .debug_info    0x0000000000004532      0xb09 out/lib/lpc_chip_43xx/src/sysinit_18xx_43xx.o
 .debug_info    0x000000000000503b      0x4c1 out/lib/lpc_chip_43xx/src/gpio_18xx_43xx.o
 .debug_info    0x00000000000054fc      0xc3d out/lib/lpc_chip_43xx/src/chip_18xx_43xx.o
 .debug_info    0x0000000000006139      0x145 out/lib/lpc_chip_43xx/src/fpu_init.o
 .debug_info    0x000000000000627e      0x2d3 out/lib/lpc_board_ciaa_edu_4337/src/cr_startup_lpc43xx.o
 .debug_info    0x0000000000006551     0x14b2 out/lib/lpc_board_ciaa_edu_4337/src/board_sysinit.o
 .debug_info    0x0000000000007a03       0x3f out/lib/lpc_board_ciaa_edu_4337/src/crp.o
 .debug_info    0x0000000000007a42     0x2131 out/lib/lpc_board_ciaa_edu_4337/src/board.o
 .debug_info    0x0000000000009b73      0x957 out/lib/lpc_board_ciaa_edu_4337/src/sysinit.o
 .debug_info    0x000000000000a4ca       0x26 out/app/src/SysTick_Handler.o

.debug_abbrev   0x0000000000000000     0x1ab9
 .debug_abbrev  0x0000000000000000      0x392 out/app/src/main.o
 .debug_abbrev  0x0000000000000392      0x3b7 out/lib/lpc_chip_43xx/src/uart_18xx_43xx.o
 .debug_abbrev  0x0000000000000749      0x379 out/lib/lpc_chip_43xx/src/clock_18xx_43xx.o
 .debug_abbrev  0x0000000000000ac2      0x20e out/lib/lpc_chip_43xx/src/sysinit_18xx_43xx.o
 .debug_abbrev  0x0000000000000cd0      0x172 out/lib/lpc_chip_43xx/src/gpio_18xx_43xx.o
 .debug_abbrev  0x0000000000000e42      0x1c3 out/lib/lpc_chip_43xx/src/chip_18xx_43xx.o
 .debug_abbrev  0x0000000000001005       0xa2 out/lib/lpc_chip_43xx/src/fpu_init.o
 .debug_abbrev  0x00000000000010a7      0x114 out/lib/lpc_board_ciaa_edu_4337/src/cr_startup_lpc43xx.o
 .debug_abbrev  0x00000000000011bb      0x2fc out/lib/lpc_board_ciaa_edu_4337/src/board_sysinit.o
 .debug_abbrev  0x00000000000014b7       0x36 out/lib/lpc_board_ciaa_edu_4337/src/crp.o
 .debug_abbrev  0x00000000000014ed      0x3da out/lib/lpc_board_ciaa_edu_4337/src/board.o
 .debug_abbrev  0x00000000000018c7      0x1de out/lib/lpc_board_ciaa_edu_4337/src/sysinit.o
 .debug_abbrev  0x0000000000001aa5       0x14 out/app/src/SysTick_Handler.o

.debug_loc      0x0000000000000000     0x2f0e
 .debug_loc     0x0000000000000000      0x1b2 out/app/src/main.o
 .debug_loc     0x00000000000001b2      0xd25 out/lib/lpc_chip_43xx/src/uart_18xx_43xx.o
 .debug_loc     0x0000000000000ed7     0x123c out/lib/lpc_chip_43xx/src/clock_18xx_43xx.o
 .debug_loc     0x0000000000002113      0x14d out/lib/lpc_chip_43xx/src/sysinit_18xx_43xx.o
 .debug_loc     0x0000000000002260      0x3d8 out/lib/lpc_chip_43xx/src/gpio_18xx_43xx.o
 .debug_loc     0x0000000000002638       0x2b out/lib/lpc_chip_43xx/src/fpu_init.o
 .debug_loc     0x0000000000002663      0x206 out/lib/lpc_board_ciaa_edu_4337/src/cr_startup_lpc43xx.o
 .debug_loc     0x0000000000002869       0xc3 out/lib/lpc_board_ciaa_edu_4337/src/board_sysinit.o
 .debug_loc     0x000000000000292c      0x5e2 out/lib/lpc_board_ciaa_edu_4337/src/board.o

.debug_aranges  0x0000000000000000      0x488
 .debug_aranges
                0x0000000000000000       0x50 out/app/src/main.o
 .debug_aranges
                0x0000000000000050       0xa8 out/lib/lpc_chip_43xx/src/uart_18xx_43xx.o
 .debug_aranges
                0x00000000000000f8      0x128 out/lib/lpc_chip_43xx/src/clock_18xx_43xx.o
 .debug_aranges
                0x0000000000000220       0x38 out/lib/lpc_chip_43xx/src/sysinit_18xx_43xx.o
 .debug_aranges
                0x0000000000000258       0x48 out/lib/lpc_chip_43xx/src/gpio_18xx_43xx.o
 .debug_aranges
                0x00000000000002a0       0x38 out/lib/lpc_chip_43xx/src/chip_18xx_43xx.o
 .debug_aranges
                0x00000000000002d8       0x20 out/lib/lpc_chip_43xx/src/fpu_init.o
 .debug_aranges
                0x00000000000002f8       0x78 out/lib/lpc_board_ciaa_edu_4337/src/cr_startup_lpc43xx.o
 .debug_aranges
                0x0000000000000370       0x30 out/lib/lpc_board_ciaa_edu_4337/src/board_sysinit.o
 .debug_aranges
                0x00000000000003a0       0x18 out/lib/lpc_board_ciaa_edu_4337/src/crp.o
 .debug_aranges
                0x00000000000003b8       0x90 out/lib/lpc_board_ciaa_edu_4337/src/board.o
 .debug_aranges
                0x0000000000000448       0x20 out/lib/lpc_board_ciaa_edu_4337/src/sysinit.o
 .debug_aranges
                0x0000000000000468       0x20 out/app/src/SysTick_Handler.o

.debug_ranges   0x0000000000000000      0x448
 .debug_ranges  0x0000000000000000       0x40 out/app/src/main.o
 .debug_ranges  0x0000000000000040       0xb0 out/lib/lpc_chip_43xx/src/uart_18xx_43xx.o
 .debug_ranges  0x00000000000000f0      0x190 out/lib/lpc_chip_43xx/src/clock_18xx_43xx.o
 .debug_ranges  0x0000000000000280       0x28 out/lib/lpc_chip_43xx/src/sysinit_18xx_43xx.o
 .debug_ranges  0x00000000000002a8       0x38 out/lib/lpc_chip_43xx/src/gpio_18xx_43xx.o
 .debug_ranges  0x00000000000002e0       0x28 out/lib/lpc_chip_43xx/src/chip_18xx_43xx.o
 .debug_ranges  0x0000000000000308       0x10 out/lib/lpc_chip_43xx/src/fpu_init.o
 .debug_ranges  0x0000000000000318       0x68 out/lib/lpc_board_ciaa_edu_4337/src/cr_startup_lpc43xx.o
 .debug_ranges  0x0000000000000380       0x38 out/lib/lpc_board_ciaa_edu_4337/src/board_sysinit.o
 .debug_ranges  0x00000000000003b8       0x80 out/lib/lpc_board_ciaa_edu_4337/src/board.o
 .debug_ranges  0x0000000000000438       0x10 out/lib/lpc_board_ciaa_edu_4337/src/sysinit.o

.debug_macro    0x0000000000000000     0x737e
 .debug_macro   0x0000000000000000      0x4a2 out/app/src/main.o
 .debug_macro   0x00000000000004a2      0xa5a out/app/src/main.o
 .debug_macro   0x0000000000000efc       0x16 out/app/src/main.o
 .debug_macro   0x0000000000000f12       0x10 out/app/src/main.o
 .debug_macro   0x0000000000000f22       0x22 out/app/src/main.o
 .debug_macro   0x0000000000000f44       0x8e out/app/src/main.o
 .debug_macro   0x0000000000000fd2       0x51 out/app/src/main.o
 .debug_macro   0x0000000000001023       0xef out/app/src/main.o
 .debug_macro   0x0000000000001112       0x6a out/app/src/main.o
 .debug_macro   0x000000000000117c      0x1df out/app/src/main.o
 .debug_macro   0x000000000000135b       0x22 out/app/src/main.o
 .debug_macro   0x000000000000137d       0x66 out/app/src/main.o
 .debug_macro   0x00000000000013e3       0x28 out/app/src/main.o
 .debug_macro   0x000000000000140b       0x3b out/app/src/main.o
 .debug_macro   0x0000000000001446       0x2d out/app/src/main.o
 .debug_macro   0x0000000000001473       0x42 out/app/src/main.o
 .debug_macro   0x00000000000014b5      0xd39 out/app/src/main.o
 .debug_macro   0x00000000000021ee      0x2bc out/app/src/main.o
 .debug_macro   0x00000000000024aa      0x112 out/app/src/main.o
 .debug_macro   0x00000000000025bc       0x11 out/app/src/main.o
 .debug_macro   0x00000000000025cd       0x2a out/app/src/main.o
 .debug_macro   0x00000000000025f7       0x16 out/app/src/main.o
 .debug_macro   0x000000000000260d      0x2e6 out/app/src/main.o
 .debug_macro   0x00000000000028f3       0x82 out/app/src/main.o
 .debug_macro   0x0000000000002975      0x13d out/app/src/main.o
 .debug_macro   0x0000000000002ab2      0x198 out/app/src/main.o
 .debug_macro   0x0000000000002c4a       0x34 out/app/src/main.o
 .debug_macro   0x0000000000002c7e       0x58 out/app/src/main.o
 .debug_macro   0x0000000000002cd6      0x236 out/app/src/main.o
 .debug_macro   0x0000000000002f0c      0x572 out/app/src/main.o
 .debug_macro   0x000000000000347e       0x16 out/app/src/main.o
 .debug_macro   0x0000000000003494      0x18a out/app/src/main.o
 .debug_macro   0x000000000000361e       0x88 out/app/src/main.o
 .debug_macro   0x00000000000036a6      0x1b9 out/app/src/main.o
 .debug_macro   0x000000000000385f      0x1da out/app/src/main.o
 .debug_macro   0x0000000000003a39       0x40 out/app/src/main.o
 .debug_macro   0x0000000000003a79       0x1c out/app/src/main.o
 .debug_macro   0x0000000000003a95       0x2e out/app/src/main.o
 .debug_macro   0x0000000000003ac3       0x2e out/app/src/main.o
 .debug_macro   0x0000000000003af1       0x22 out/app/src/main.o
 .debug_macro   0x0000000000003b13      0x201 out/app/src/main.o
 .debug_macro   0x0000000000003d14       0xe0 out/app/src/main.o
 .debug_macro   0x0000000000003df4      0x34c out/app/src/main.o
 .debug_macro   0x0000000000004140       0xdc out/app/src/main.o
 .debug_macro   0x000000000000421c       0xc4 out/app/src/main.o
 .debug_macro   0x00000000000042e0       0x94 out/app/src/main.o
 .debug_macro   0x0000000000004374       0xb8 out/app/src/main.o
 .debug_macro   0x000000000000442c       0x4c out/app/src/main.o
 .debug_macro   0x0000000000004478       0x16 out/app/src/main.o
 .debug_macro   0x000000000000448e      0x328 out/app/src/main.o
 .debug_macro   0x00000000000047b6       0x3a out/app/src/main.o
 .debug_macro   0x00000000000047f0       0xd0 out/app/src/main.o
 .debug_macro   0x00000000000048c0       0x18 out/app/src/main.o
 .debug_macro   0x00000000000048d8       0x22 out/app/src/main.o
 .debug_macro   0x00000000000048fa       0x40 out/app/src/main.o
 .debug_macro   0x000000000000493a       0x46 out/app/src/main.o
 .debug_macro   0x0000000000004980       0x5e out/app/src/main.o
 .debug_macro   0x00000000000049de       0x18 out/app/src/main.o
 .debug_macro   0x00000000000049f6       0x35 out/app/src/main.o
 .debug_macro   0x0000000000004a2b       0x34 out/app/src/main.o
 .debug_macro   0x0000000000004a5f       0x16 out/app/src/main.o
 .debug_macro   0x0000000000004a75       0x97 out/app/src/main.o
 .debug_macro   0x0000000000004b0c      0x330 out/app/src/main.o
 .debug_macro   0x0000000000004e3c       0xfd out/app/src/main.o
 .debug_macro   0x0000000000004f39       0x10 out/app/src/main.o
 .debug_macro   0x0000000000004f49       0x58 out/app/src/main.o
 .debug_macro   0x0000000000004fa1       0x1f out/app/src/main.o
 .debug_macro   0x0000000000004fc0       0x43 out/app/src/main.o
 .debug_macro   0x0000000000005003       0x20 out/app/src/main.o
 .debug_macro   0x0000000000005023      0x18e out/app/src/main.o
 .debug_macro   0x00000000000051b1       0x10 out/app/src/main.o
 .debug_macro   0x00000000000051c1       0x1c out/app/src/main.o
 .debug_macro   0x00000000000051dd       0x52 out/app/src/main.o
 .debug_macro   0x000000000000522f       0x40 out/app/src/main.o
 .debug_macro   0x000000000000526f       0x10 out/app/src/main.o
 .debug_macro   0x000000000000527f       0x40 out/app/src/main.o
 .debug_macro   0x00000000000052bf       0xd7 out/app/src/main.o
 .debug_macro   0x0000000000005396       0x1c out/app/src/main.o
 .debug_macro   0x00000000000053b2       0x3d out/app/src/main.o
 .debug_macro   0x00000000000053ef       0x16 out/app/src/main.o
 .debug_macro   0x0000000000005405      0x16f out/app/src/main.o
 .debug_macro   0x0000000000005574       0x20 out/app/src/main.o
 .debug_macro   0x0000000000005594      0x301 out/lib/lpc_chip_43xx/src/uart_18xx_43xx.o
 .debug_macro   0x0000000000005895      0x307 out/lib/lpc_chip_43xx/src/clock_18xx_43xx.o
 .debug_macro   0x0000000000005b9c      0x301 out/lib/lpc_chip_43xx/src/sysinit_18xx_43xx.o
 .debug_macro   0x0000000000005e9d      0x301 out/lib/lpc_chip_43xx/src/gpio_18xx_43xx.o
 .debug_macro   0x000000000000619e      0x301 out/lib/lpc_chip_43xx/src/chip_18xx_43xx.o
 .debug_macro   0x000000000000649f       0xe7 out/lib/lpc_chip_43xx/src/fpu_init.o
 .debug_macro   0x0000000000006586       0x1d out/lib/lpc_board_ciaa_edu_4337/src/cr_startup_lpc43xx.o
 .debug_macro   0x00000000000065a3      0x47f out/lib/lpc_board_ciaa_edu_4337/src/board_sysinit.o
 .debug_macro   0x0000000000006a22       0x17 out/lib/lpc_board_ciaa_edu_4337/src/crp.o
 .debug_macro   0x0000000000006a39      0x4b0 out/lib/lpc_board_ciaa_edu_4337/src/board.o
 .debug_macro   0x0000000000006ee9       0x16 out/lib/lpc_board_ciaa_edu_4337/src/board.o
 .debug_macro   0x0000000000006eff      0x47f out/lib/lpc_board_ciaa_edu_4337/src/sysinit.o

.debug_line     0x0000000000000000     0x4a73
 .debug_line    0x0000000000000000      0x83d out/app/src/main.o
 .debug_line    0x000000000000083d      0x8e1 out/lib/lpc_chip_43xx/src/uart_18xx_43xx.o
 .debug_line    0x000000000000111e      0xa36 out/lib/lpc_chip_43xx/src/clock_18xx_43xx.o
 .debug_line    0x0000000000001b54      0x6b5 out/lib/lpc_chip_43xx/src/sysinit_18xx_43xx.o
 .debug_line    0x0000000000002209      0x66e out/lib/lpc_chip_43xx/src/gpio_18xx_43xx.o
 .debug_line    0x0000000000002877      0x644 out/lib/lpc_chip_43xx/src/chip_18xx_43xx.o
 .debug_line    0x0000000000002ebb      0x1f7 out/lib/lpc_chip_43xx/src/fpu_init.o
 .debug_line    0x00000000000030b2       0xde out/lib/lpc_board_ciaa_edu_4337/src/cr_startup_lpc43xx.o
 .debug_line    0x0000000000003190      0x7ba out/lib/lpc_board_ciaa_edu_4337/src/board_sysinit.o
 .debug_line    0x000000000000394a       0x46 out/lib/lpc_board_ciaa_edu_4337/src/crp.o
 .debug_line    0x0000000000003990      0x93c out/lib/lpc_board_ciaa_edu_4337/src/board.o
 .debug_line    0x00000000000042cc      0x759 out/lib/lpc_board_ciaa_edu_4337/src/sysinit.o
 .debug_line    0x0000000000004a25       0x4e out/app/src/SysTick_Handler.o

.debug_str      0x0000000000000000    0x1b798
 .debug_str     0x0000000000000000    0x19e68 out/app/src/main.o
                                      0x1a160 (size before relaxing)
 .debug_str     0x0000000000019e68      0x4c5 out/lib/lpc_chip_43xx/src/uart_18xx_43xx.o
                                      0x15eba (size before relaxing)
 .debug_str     0x000000000001a32d      0x7c7 out/lib/lpc_chip_43xx/src/clock_18xx_43xx.o
                                      0x1627d (size before relaxing)
 .debug_str     0x000000000001aaf4       0xf0 out/lib/lpc_chip_43xx/src/sysinit_18xx_43xx.o
                                      0x15d08 (size before relaxing)
 .debug_str     0x000000000001abe4      0x149 out/lib/lpc_chip_43xx/src/gpio_18xx_43xx.o
                                      0x150f8 (size before relaxing)
 .debug_str     0x000000000001ad2d       0xcc out/lib/lpc_chip_43xx/src/chip_18xx_43xx.o
                                      0x15daa (size before relaxing)
 .debug_str     0x000000000001adf9       0xc4 out/lib/lpc_chip_43xx/src/fpu_init.o
                                       0x9867 (size before relaxing)
 .debug_str     0x000000000001aebd      0x1fb out/lib/lpc_board_ciaa_edu_4337/src/cr_startup_lpc43xx.o
                                       0x2ed8 (size before relaxing)
 .debug_str     0x000000000001b0b8      0x105 out/lib/lpc_board_ciaa_edu_4337/src/board_sysinit.o
                                      0x19fef (size before relaxing)
 .debug_str     0x000000000001b1bd       0x45 out/lib/lpc_board_ciaa_edu_4337/src/crp.o
                                       0x2d07 (size before relaxing)
 .debug_str     0x000000000001b202      0x53a out/lib/lpc_board_ciaa_edu_4337/src/board.o
                                      0x1a44e (size before relaxing)
 .debug_str     0x000000000001b73c       0x34 out/lib/lpc_board_ciaa_edu_4337/src/sysinit.o
                                      0x19216 (size before relaxing)
 .debug_str     0x000000000001b770       0x28 out/app/src/SysTick_Handler.o
                                         0x51 (size before relaxing)

.comment        0x0000000000000000       0x7f
 .comment       0x0000000000000000       0x7f out/app/src/main.o
                                         0x80 (size before relaxing)
 .comment       0x000000000000007f       0x80 out/lib/lpc_chip_43xx/src/uart_18xx_43xx.o
 .comment       0x000000000000007f       0x80 out/lib/lpc_chip_43xx/src/clock_18xx_43xx.o
 .comment       0x000000000000007f       0x80 out/lib/lpc_chip_43xx/src/sysinit_18xx_43xx.o
 .comment       0x000000000000007f       0x80 out/lib/lpc_chip_43xx/src/gpio_18xx_43xx.o
 .comment       0x000000000000007f       0x80 out/lib/lpc_chip_43xx/src/chip_18xx_43xx.o
 .comment       0x000000000000007f       0x80 out/lib/lpc_chip_43xx/src/fpu_init.o
 .comment       0x000000000000007f       0x80 out/lib/lpc_board_ciaa_edu_4337/src/cr_startup_lpc43xx.o
 .comment       0x000000000000007f       0x80 out/lib/lpc_board_ciaa_edu_4337/src/board_sysinit.o
 .comment       0x000000000000007f       0x80 out/lib/lpc_board_ciaa_edu_4337/src/crp.o
 .comment       0x000000000000007f       0x80 out/lib/lpc_board_ciaa_edu_4337/src/board.o
 .comment       0x000000000000007f       0x80 out/lib/lpc_board_ciaa_edu_4337/src/sysinit.o

.ARM.attributes
                0x0000000000000000       0x37
 .ARM.attributes
                0x0000000000000000       0x39 out/app/src/main.o
 .ARM.attributes
                0x0000000000000039       0x39 out/lib/lpc_chip_43xx/src/uart_18xx_43xx.o
 .ARM.attributes
                0x0000000000000072       0x39 out/lib/lpc_chip_43xx/src/clock_18xx_43xx.o
 .ARM.attributes
                0x00000000000000ab       0x39 out/lib/lpc_chip_43xx/src/sysinit_18xx_43xx.o
 .ARM.attributes
                0x00000000000000e4       0x39 out/lib/lpc_chip_43xx/src/gpio_18xx_43xx.o
 .ARM.attributes
                0x000000000000011d       0x39 out/lib/lpc_chip_43xx/src/chip_18xx_43xx.o
 .ARM.attributes
                0x0000000000000156       0x39 out/lib/lpc_chip_43xx/src/fpu_init.o
 .ARM.attributes
                0x000000000000018f       0x39 out/lib/lpc_board_ciaa_edu_4337/src/cr_startup_lpc43xx.o
 .ARM.attributes
                0x00000000000001c8       0x39 out/lib/lpc_board_ciaa_edu_4337/src/board_sysinit.o
 .ARM.attributes
                0x0000000000000201       0x39 out/lib/lpc_board_ciaa_edu_4337/src/crp.o
 .ARM.attributes
                0x000000000000023a       0x39 out/lib/lpc_board_ciaa_edu_4337/src/board.o
 .ARM.attributes
                0x0000000000000273       0x39 out/lib/lpc_board_ciaa_edu_4337/src/sysinit.o
 .ARM.attributes
                0x00000000000002ac       0x25 out/app/src/SysTick_Handler.o
 .ARM.attributes
                0x00000000000002d1       0x22 /usr/bin/../lib/gcc/arm-none-eabi/7.3.1/thumb/v7e-m/fpv4-sp/hard/libgcc.a(_aeabi_uldivmod.o)
 .ARM.attributes
                0x00000000000002f3       0x34 /usr/bin/../lib/gcc/arm-none-eabi/7.3.1/thumb/v7e-m/fpv4-sp/hard/libgcc.a(_udivmoddi4.o)
 .ARM.attributes
                0x0000000000000327       0x22 /usr/bin/../lib/gcc/arm-none-eabi/7.3.1/thumb/v7e-m/fpv4-sp/hard/libgcc.a(_dvmd_tls.o)
 .ARM.attributes
                0x0000000000000349       0x34 /usr/bin/../lib/gcc/arm-none-eabi/7.3.1/../../../../arm-none-eabi/lib/thumb/v7e-m/fpv4-sp/hard/libc_nano.a(lib_a-memset.o)

.debug_frame    0x0000000000000000      0xa6c
 .debug_frame   0x0000000000000000       0xa0 out/app/src/main.o
 .debug_frame   0x00000000000000a0      0x1f4 out/lib/lpc_chip_43xx/src/uart_18xx_43xx.o
 .debug_frame   0x0000000000000294      0x318 out/lib/lpc_chip_43xx/src/clock_18xx_43xx.o
 .debug_frame   0x00000000000005ac       0x7c out/lib/lpc_chip_43xx/src/sysinit_18xx_43xx.o
 .debug_frame   0x0000000000000628       0x88 out/lib/lpc_chip_43xx/src/gpio_18xx_43xx.o
 .debug_frame   0x00000000000006b0       0x70 out/lib/lpc_chip_43xx/src/chip_18xx_43xx.o
 .debug_frame   0x0000000000000720       0x2c out/lib/lpc_chip_43xx/src/fpu_init.o
 .debug_frame   0x000000000000074c       0xe4 out/lib/lpc_board_ciaa_edu_4337/src/cr_startup_lpc43xx.o
 .debug_frame   0x0000000000000830       0x5c out/lib/lpc_board_ciaa_edu_4337/src/board_sysinit.o
 .debug_frame   0x000000000000088c      0x138 out/lib/lpc_board_ciaa_edu_4337/src/board.o
 .debug_frame   0x00000000000009c4       0x28 out/lib/lpc_board_ciaa_edu_4337/src/sysinit.o
 .debug_frame   0x00000000000009ec       0x2c /usr/bin/../lib/gcc/arm-none-eabi/7.3.1/thumb/v7e-m/fpv4-sp/hard/libgcc.a(_aeabi_uldivmod.o)
 .debug_frame   0x0000000000000a18       0x34 /usr/bin/../lib/gcc/arm-none-eabi/7.3.1/thumb/v7e-m/fpv4-sp/hard/libgcc.a(_udivmoddi4.o)
 .debug_frame   0x0000000000000a4c       0x20 /usr/bin/../lib/gcc/arm-none-eabi/7.3.1/../../../../arm-none-eabi/lib/thumb/v7e-m/fpv4-sp/hard/libc_nano.a(lib_a-memset.o)

Cross Reference Table

Symbol                                            File
ADC0_IRQHandler                                   out/lib/lpc_board_ciaa_edu_4337/src/cr_startup_lpc43xx.o
ADC1_IRQHandler                                   out/lib/lpc_board_ciaa_edu_4337/src/cr_startup_lpc43xx.o
ADCHS_IRQHandler                                  out/lib/lpc_board_ciaa_edu_4337/src/cr_startup_lpc43xx.o
ATIMER_IRQHandler                                 out/lib/lpc_board_ciaa_edu_4337/src/cr_startup_lpc43xx.o
Board_DAC_Init                                    out/lib/lpc_board_ciaa_edu_4337/src/board.o
Board_Debug_Init                                  out/lib/lpc_board_ciaa_edu_4337/src/board.o
Board_ENET_GetMacADDR                             out/lib/lpc_board_ciaa_edu_4337/src/board.o
Board_I2C_Init                                    out/lib/lpc_board_ciaa_edu_4337/src/board.o
Board_Init                                        out/lib/lpc_board_ciaa_edu_4337/src/board.o
                                                  out/app/src/main.o
Board_LED_Set                                     out/lib/lpc_board_ciaa_edu_4337/src/board.o
Board_LED_Test                                    out/lib/lpc_board_ciaa_edu_4337/src/board.o
Board_LED_Toggle                                  out/lib/lpc_board_ciaa_edu_4337/src/board.o
Board_SDMMC_Init                                  out/lib/lpc_board_ciaa_edu_4337/src/board.o
Board_SSP_Init                                    out/lib/lpc_board_ciaa_edu_4337/src/board.o
Board_SetupClocking                               out/lib/lpc_board_ciaa_edu_4337/src/board_sysinit.o
Board_SetupMuxing                                 out/lib/lpc_board_ciaa_edu_4337/src/board_sysinit.o
Board_SystemInit                                  out/lib/lpc_board_ciaa_edu_4337/src/board_sysinit.o
                                                  out/lib/lpc_board_ciaa_edu_4337/src/sysinit.o
Board_UARTGetChar                                 out/lib/lpc_board_ciaa_edu_4337/src/board.o
                                                  out/lib/lpc_board_ciaa_edu_4337/src/system.o
Board_UARTPutChar                                 out/lib/lpc_board_ciaa_edu_4337/src/board.o
                                                  out/lib/lpc_board_ciaa_edu_4337/src/system.o
Board_UARTPutSTR                                  out/lib/lpc_board_ciaa_edu_4337/src/board.o
Board_UART_Init                                   out/lib/lpc_board_ciaa_edu_4337/src/board.o
BusFault_Handler                                  out/lib/lpc_board_ciaa_edu_4337/src/cr_startup_lpc43xx.o
CAN0_IRQHandler                                   out/lib/lpc_board_ciaa_edu_4337/src/cr_startup_lpc43xx.o
CAN1_IRQHandler                                   out/lib/lpc_board_ciaa_edu_4337/src/cr_startup_lpc43xx.o
CRP_WORD                                          out/lib/lpc_board_ciaa_edu_4337/src/crp.o
Chip_ADC_DeInit                                   out/lib/lpc_chip_43xx/src/adc_18xx_43xx.o
Chip_ADC_EnableChannel                            out/lib/lpc_chip_43xx/src/adc_18xx_43xx.o
Chip_ADC_Init                                     out/lib/lpc_chip_43xx/src/adc_18xx_43xx.o
Chip_ADC_Int_SetChannelCmd                        out/lib/lpc_chip_43xx/src/adc_18xx_43xx.o
Chip_ADC_ReadByte                                 out/lib/lpc_chip_43xx/src/adc_18xx_43xx.o
Chip_ADC_ReadStatus                               out/lib/lpc_chip_43xx/src/adc_18xx_43xx.o
Chip_ADC_ReadValue                                out/lib/lpc_chip_43xx/src/adc_18xx_43xx.o
Chip_ADC_SetBurstCmd                              out/lib/lpc_chip_43xx/src/adc_18xx_43xx.o
Chip_ADC_SetResolution                            out/lib/lpc_chip_43xx/src/adc_18xx_43xx.o
Chip_ADC_SetSampleRate                            out/lib/lpc_chip_43xx/src/adc_18xx_43xx.o
Chip_ADC_SetStartMode                             out/lib/lpc_chip_43xx/src/adc_18xx_43xx.o
Chip_AES_Config_DMA                               out/lib/lpc_chip_43xx/src/aes_18xx_43xx.o
Chip_AES_GetStatusDMA                             out/lib/lpc_chip_43xx/src/aes_18xx_43xx.o
Chip_AES_Init                                     out/lib/lpc_chip_43xx/src/aes_18xx_43xx.o
Chip_AES_LoadIV_IC                                out/lib/lpc_chip_43xx/src/aes_18xx_43xx.o
Chip_AES_LoadIV_SW                                out/lib/lpc_chip_43xx/src/aes_18xx_43xx.o
Chip_AES_LoadKey                                  out/lib/lpc_chip_43xx/src/aes_18xx_43xx.o
Chip_AES_LoadKeyRNG                               out/lib/lpc_chip_43xx/src/aes_18xx_43xx.o
Chip_AES_LoadKeySW                                out/lib/lpc_chip_43xx/src/aes_18xx_43xx.o
Chip_AES_Operate                                  out/lib/lpc_chip_43xx/src/aes_18xx_43xx.o
Chip_AES_OperateDMA                               out/lib/lpc_chip_43xx/src/aes_18xx_43xx.o
Chip_AES_ProgramKey                               out/lib/lpc_chip_43xx/src/aes_18xx_43xx.o
Chip_AES_SetMode                                  out/lib/lpc_chip_43xx/src/aes_18xx_43xx.o
Chip_ATIMER_DeInit                                out/lib/lpc_chip_43xx/src/atimer_18xx_43xx.o
Chip_ATIMER_Init                                  out/lib/lpc_chip_43xx/src/atimer_18xx_43xx.o
Chip_CCAN_AddReceiveID                            out/lib/lpc_chip_43xx/src/ccan_18xx_43xx.o
Chip_CCAN_ClearStatus                             out/lib/lpc_chip_43xx/src/ccan_18xx_43xx.o
Chip_CCAN_DeInit                                  out/lib/lpc_chip_43xx/src/ccan_18xx_43xx.o
Chip_CCAN_DeleteReceiveID                         out/lib/lpc_chip_43xx/src/ccan_18xx_43xx.o
Chip_CCAN_GetMsgObject                            out/lib/lpc_chip_43xx/src/ccan_18xx_43xx.o
Chip_CCAN_Init                                    out/lib/lpc_chip_43xx/src/ccan_18xx_43xx.o
Chip_CCAN_Send                                    out/lib/lpc_chip_43xx/src/ccan_18xx_43xx.o
Chip_CCAN_SetBitRate                              out/lib/lpc_chip_43xx/src/ccan_18xx_43xx.o
Chip_CCAN_SetMsgObject                            out/lib/lpc_chip_43xx/src/ccan_18xx_43xx.o
Chip_CCAN_SetValidMsg                             out/lib/lpc_chip_43xx/src/ccan_18xx_43xx.o
Chip_CCAN_TransferMsgObject                       out/lib/lpc_chip_43xx/src/ccan_18xx_43xx.o
Chip_Clock_CalcMainPLLValue                       out/lib/lpc_chip_43xx/src/clock_18xx_43xx.o
                                                  out/lib/lpc_chip_43xx/src/sysinit_18xx_43xx.o
Chip_Clock_ClearPowerDown                         out/lib/lpc_chip_43xx/src/clock_18xx_43xx.o
Chip_Clock_Disable                                out/lib/lpc_chip_43xx/src/clock_18xx_43xx.o
                                                  out/lib/lpc_chip_43xx/src/dac_18xx_43xx.o
                                                  out/lib/lpc_chip_43xx/src/i2cm_18xx_43xx.o
                                                  out/lib/lpc_chip_43xx/src/timer_18xx_43xx.o
                                                  out/lib/lpc_chip_43xx/src/i2s_18xx_43xx.o
                                                  out/lib/lpc_chip_43xx/src/ssp_18xx_43xx.o
                                                  out/lib/lpc_chip_43xx/src/gpdma_18xx_43xx.o
                                                  out/lib/lpc_chip_43xx/src/spi_18xx_43xx.o
                                                  out/lib/lpc_chip_43xx/src/ccan_18xx_43xx.o
                                                  out/lib/lpc_chip_43xx/src/enet_18xx_43xx.o
                                                  out/lib/lpc_chip_43xx/src/ritimer_18xx_43xx.o
                                                  out/lib/lpc_chip_43xx/src/sdif_18xx_43xx.o
                                                  out/lib/lpc_chip_43xx/src/adc_18xx_43xx.o
                                                  out/lib/lpc_chip_43xx/src/uart_18xx_43xx.o
                                                  out/lib/lpc_chip_43xx/src/lcd_18xx_43xx.o
                                                  out/lib/lpc_chip_43xx/src/i2c_18xx_43xx.o
                                                  out/lib/lpc_chip_43xx/src/sct_18xx_43xx.o
                                                  out/lib/lpc_chip_43xx/src/hsadc_18xx_43xx.o
Chip_Clock_DisableBaseClock                       out/lib/lpc_chip_43xx/src/clock_18xx_43xx.o
Chip_Clock_DisableCrystal                         out/lib/lpc_chip_43xx/src/clock_18xx_43xx.o
Chip_Clock_DisablePLL                             out/lib/lpc_chip_43xx/src/clock_18xx_43xx.o
Chip_Clock_Enable                                 out/lib/lpc_chip_43xx/src/clock_18xx_43xx.o
                                                  out/lib/lpc_chip_43xx/src/i2cm_18xx_43xx.o
                                                  out/lib/lpc_chip_43xx/src/timer_18xx_43xx.o
                                                  out/lib/lpc_chip_43xx/src/i2s_18xx_43xx.o
                                                  out/lib/lpc_chip_43xx/src/ssp_18xx_43xx.o
                                                  out/lib/lpc_chip_43xx/src/spi_18xx_43xx.o
                                                  out/lib/lpc_chip_43xx/src/i2c_18xx_43xx.o
                                                  out/lib/lpc_chip_43xx/src/hsadc_18xx_43xx.o
Chip_Clock_EnableBaseClock                        out/lib/lpc_chip_43xx/src/clock_18xx_43xx.o
                                                  out/lib/lpc_chip_43xx/src/chip_18xx_43xx.o
Chip_Clock_EnableCrystal                          out/lib/lpc_chip_43xx/src/clock_18xx_43xx.o
                                                  out/lib/lpc_chip_43xx/src/sysinit_18xx_43xx.o
Chip_Clock_EnableOpts                             out/lib/lpc_chip_43xx/src/clock_18xx_43xx.o
                                                  out/lib/lpc_chip_43xx/src/dac_18xx_43xx.o
                                                  out/lib/lpc_chip_43xx/src/chip_18xx_43xx.o
                                                  out/lib/lpc_chip_43xx/src/gpdma_18xx_43xx.o
                                                  out/lib/lpc_chip_43xx/src/ccan_18xx_43xx.o
                                                  out/lib/lpc_chip_43xx/src/enet_18xx_43xx.o
                                                  out/lib/lpc_chip_43xx/src/ritimer_18xx_43xx.o
                                                  out/lib/lpc_chip_43xx/src/sdif_18xx_43xx.o
                                                  out/lib/lpc_chip_43xx/src/adc_18xx_43xx.o
                                                  out/lib/lpc_chip_43xx/src/uart_18xx_43xx.o
                                                  out/lib/lpc_chip_43xx/src/lcd_18xx_43xx.o
                                                  out/lib/lpc_chip_43xx/src/sct_18xx_43xx.o
                                                  out/lib/lpc_chip_43xx/src/hsadc_18xx_43xx.o
Chip_Clock_EnablePLL                              out/lib/lpc_chip_43xx/src/clock_18xx_43xx.o
                                                  out/lib/lpc_chip_43xx/src/chip_18xx_43xx.o
Chip_Clock_GetBaseClock                           out/lib/lpc_chip_43xx/src/clock_18xx_43xx.o
Chip_Clock_GetBaseClockOpts                       out/lib/lpc_chip_43xx/src/clock_18xx_43xx.o
Chip_Clock_GetBaseClocktHz                        out/lib/lpc_chip_43xx/src/clock_18xx_43xx.o
                                                  out/lib/lpc_chip_43xx/src/sdmmc_18xx_43xx.o
                                                  out/lib/lpc_chip_43xx/src/sdio_18xx_43xx.o
Chip_Clock_GetClockInputHz                        out/lib/lpc_chip_43xx/src/clock_18xx_43xx.o
                                                  out/lib/lpc_chip_43xx/src/chip_18xx_43xx.o
Chip_Clock_GetDividerDivisor                      out/lib/lpc_chip_43xx/src/clock_18xx_43xx.o
Chip_Clock_GetDividerSource                       out/lib/lpc_chip_43xx/src/clock_18xx_43xx.o
Chip_Clock_GetEMCRate                             out/lib/lpc_chip_43xx/src/clock_18xx_43xx.o
                                                  out/lib/lpc_chip_43xx/src/emc_18xx_43xx.o
Chip_Clock_GetMainPLLHz                           out/lib/lpc_chip_43xx/src/clock_18xx_43xx.o
Chip_Clock_GetPLLStatus                           out/lib/lpc_chip_43xx/src/clock_18xx_43xx.o
                                                  out/lib/lpc_chip_43xx/src/chip_18xx_43xx.o
Chip_Clock_GetRate                                out/lib/lpc_chip_43xx/src/clock_18xx_43xx.o
                                                  out/lib/lpc_chip_43xx/src/sct_pwm_18xx_43xx.o
                                                  out/lib/lpc_chip_43xx/src/eeprom_18xx_43xx.o
                                                  out/lib/lpc_chip_43xx/src/i2cm_18xx_43xx.o
                                                  out/lib/lpc_chip_43xx/src/i2s_18xx_43xx.o
                                                  out/lib/lpc_chip_43xx/src/chip_18xx_43xx.o
                                                  out/lib/lpc_chip_43xx/src/stopwatch_18xx_43xx.o
                                                  out/lib/lpc_chip_43xx/src/ssp_18xx_43xx.o
                                                  out/lib/lpc_chip_43xx/src/spi_18xx_43xx.o
                                                  out/lib/lpc_chip_43xx/src/ccan_18xx_43xx.o
                                                  out/lib/lpc_chip_43xx/src/ritimer_18xx_43xx.o
                                                  out/lib/lpc_chip_43xx/src/adc_18xx_43xx.o
                                                  out/lib/lpc_chip_43xx/src/uart_18xx_43xx.o
                                                  out/lib/lpc_chip_43xx/src/i2c_18xx_43xx.o
                                                  out/lib/lpc_chip_43xx/src/hsadc_18xx_43xx.o
Chip_Clock_IsBaseClockEnabled                     out/lib/lpc_chip_43xx/src/clock_18xx_43xx.o
Chip_Clock_RTCEnable                              out/lib/lpc_chip_43xx/src/clock_18xx_43xx.o
                                                  out/lib/lpc_chip_43xx/src/rtc_18xx_43xx.o
Chip_Clock_SetBaseClock                           out/lib/lpc_chip_43xx/src/clock_18xx_43xx.o
                                                  out/lib/lpc_board_ciaa_edu_4337/src/board_sysinit.o
                                                  out/lib/lpc_chip_43xx/src/chip_18xx_43xx.o
                                                  out/lib/lpc_chip_43xx/src/sysinit_18xx_43xx.o
Chip_Clock_SetDivider                             out/lib/lpc_chip_43xx/src/clock_18xx_43xx.o
                                                  out/lib/lpc_chip_43xx/src/chip_18xx_43xx.o
Chip_Clock_SetupMainPLLHz                         out/lib/lpc_chip_43xx/src/clock_18xx_43xx.o
Chip_Clock_SetupMainPLLMult                       out/lib/lpc_chip_43xx/src/clock_18xx_43xx.o
Chip_Clock_SetupPLL                               out/lib/lpc_chip_43xx/src/clock_18xx_43xx.o
                                                  out/lib/lpc_chip_43xx/src/chip_18xx_43xx.o
Chip_Clock_StartPowerDown                         out/lib/lpc_chip_43xx/src/clock_18xx_43xx.o
Chip_DAC_DeInit                                   out/lib/lpc_chip_43xx/src/dac_18xx_43xx.o
Chip_DAC_Init                                     out/lib/lpc_chip_43xx/src/dac_18xx_43xx.o
Chip_DAC_SetBias                                  out/lib/lpc_chip_43xx/src/dac_18xx_43xx.o
Chip_DAC_UpdateValue                              out/lib/lpc_chip_43xx/src/dac_18xx_43xx.o
Chip_EEPROM_EraseProgramPage                      out/lib/lpc_chip_43xx/src/eeprom_18xx_43xx.o
Chip_EEPROM_Init                                  out/lib/lpc_chip_43xx/src/eeprom_18xx_43xx.o
Chip_EEPROM_WaitForIntStatus                      out/lib/lpc_chip_43xx/src/eeprom_18xx_43xx.o
Chip_EMC_Dynamic_Enable                           out/lib/lpc_chip_43xx/src/emc_18xx_43xx.o
Chip_EMC_Dynamic_Init                             out/lib/lpc_chip_43xx/src/emc_18xx_43xx.o
Chip_EMC_Enable                                   out/lib/lpc_chip_43xx/src/emc_18xx_43xx.o
Chip_EMC_Init                                     out/lib/lpc_chip_43xx/src/emc_18xx_43xx.o
Chip_EMC_LowPowerMode                             out/lib/lpc_chip_43xx/src/emc_18xx_43xx.o
Chip_EMC_Mirror                                   out/lib/lpc_chip_43xx/src/emc_18xx_43xx.o
Chip_EMC_Static_Init                              out/lib/lpc_chip_43xx/src/emc_18xx_43xx.o
Chip_ENET_DeInit                                  out/lib/lpc_chip_43xx/src/enet_18xx_43xx.o
Chip_ENET_Init                                    out/lib/lpc_chip_43xx/src/enet_18xx_43xx.o
Chip_ENET_SetDuplex                               out/lib/lpc_chip_43xx/src/enet_18xx_43xx.o
Chip_ENET_SetSpeed                                out/lib/lpc_chip_43xx/src/enet_18xx_43xx.o
Chip_ENET_SetupMII                                out/lib/lpc_chip_43xx/src/enet_18xx_43xx.o
Chip_ENET_StartMIIRead                            out/lib/lpc_chip_43xx/src/enet_18xx_43xx.o
Chip_ENET_StartMIIWrite                           out/lib/lpc_chip_43xx/src/enet_18xx_43xx.o
Chip_EVRT_ConfigIntSrcActiveType                  out/lib/lpc_chip_43xx/src/evrt_18xx_43xx.o
Chip_EVRT_Init                                    out/lib/lpc_chip_43xx/src/evrt_18xx_43xx.o
Chip_EVRT_IsSourceInterrupting                    out/lib/lpc_chip_43xx/src/evrt_18xx_43xx.o
Chip_EVRT_SetUpIntSrc                             out/lib/lpc_chip_43xx/src/evrt_18xx_43xx.o
Chip_GPDMA_ChannelCmd                             out/lib/lpc_chip_43xx/src/gpdma_18xx_43xx.o
Chip_GPDMA_ClearIntPending                        out/lib/lpc_chip_43xx/src/gpdma_18xx_43xx.o
Chip_GPDMA_DeInit                                 out/lib/lpc_chip_43xx/src/gpdma_18xx_43xx.o
Chip_GPDMA_GetFreeChannel                         out/lib/lpc_chip_43xx/src/gpdma_18xx_43xx.o
Chip_GPDMA_Init                                   out/lib/lpc_chip_43xx/src/gpdma_18xx_43xx.o
Chip_GPDMA_InitChannelCfg                         out/lib/lpc_chip_43xx/src/gpdma_18xx_43xx.o
Chip_GPDMA_IntGetStatus                           out/lib/lpc_chip_43xx/src/gpdma_18xx_43xx.o
Chip_GPDMA_Interrupt                              out/lib/lpc_chip_43xx/src/gpdma_18xx_43xx.o
Chip_GPDMA_PrepareDescriptor                      out/lib/lpc_chip_43xx/src/gpdma_18xx_43xx.o
Chip_GPDMA_SGTransfer                             out/lib/lpc_chip_43xx/src/gpdma_18xx_43xx.o
Chip_GPDMA_Stop                                   out/lib/lpc_chip_43xx/src/gpdma_18xx_43xx.o
Chip_GPDMA_Transfer                               out/lib/lpc_chip_43xx/src/gpdma_18xx_43xx.o
Chip_GPIO_DeInit                                  out/lib/lpc_chip_43xx/src/gpio_18xx_43xx.o
Chip_GPIO_Init                                    out/lib/lpc_chip_43xx/src/gpio_18xx_43xx.o
                                                  out/lib/lpc_board_ciaa_edu_4337/src/board.o
Chip_GPIO_SetDir                                  out/lib/lpc_chip_43xx/src/gpio_18xx_43xx.o
Chip_GPIO_SetPinDIR                               out/lib/lpc_chip_43xx/src/gpio_18xx_43xx.o
Chip_GPIO_SetPortDIR                              out/lib/lpc_chip_43xx/src/gpio_18xx_43xx.o
Chip_GPIO_WriteDirBit                             out/lib/lpc_chip_43xx/src/gpio_18xx_43xx.o
Chip_HSADC_DeInit                                 out/lib/lpc_chip_43xx/src/hsadc_18xx_43xx.o
Chip_HSADC_Init                                   out/lib/lpc_chip_43xx/src/hsadc_18xx_43xx.o
Chip_HSADC_SetACDCBias                            out/lib/lpc_chip_43xx/src/hsadc_18xx_43xx.o
Chip_HSADC_SetPowerSpeed                          out/lib/lpc_chip_43xx/src/hsadc_18xx_43xx.o
Chip_HSADC_SetSpeed                               out/lib/lpc_chip_43xx/src/hsadc_18xx_43xx.o
Chip_HSADC_SetThrHighValue                        out/lib/lpc_chip_43xx/src/hsadc_18xx_43xx.o
Chip_HSADC_SetThrLowValue                         out/lib/lpc_chip_43xx/src/hsadc_18xx_43xx.o
Chip_HSADC_SetupFIFO                              out/lib/lpc_chip_43xx/src/hsadc_18xx_43xx.o
Chip_I2CM_DeInit                                  out/lib/lpc_chip_43xx/src/i2cm_18xx_43xx.o
Chip_I2CM_Init                                    out/lib/lpc_chip_43xx/src/i2cm_18xx_43xx.o
Chip_I2CM_Read                                    out/lib/lpc_chip_43xx/src/i2cm_18xx_43xx.o
Chip_I2CM_SetBusSpeed                             out/lib/lpc_chip_43xx/src/i2cm_18xx_43xx.o
Chip_I2CM_Write                                   out/lib/lpc_chip_43xx/src/i2cm_18xx_43xx.o
Chip_I2CM_Xfer                                    out/lib/lpc_chip_43xx/src/i2cm_18xx_43xx.o
Chip_I2CM_XferBlocking                            out/lib/lpc_chip_43xx/src/i2cm_18xx_43xx.o
Chip_I2CM_XferHandler                             out/lib/lpc_chip_43xx/src/i2cm_18xx_43xx.o
Chip_I2C_DeInit                                   out/lib/lpc_chip_43xx/src/i2c_18xx_43xx.o
Chip_I2C_Disable                                  out/lib/lpc_chip_43xx/src/i2c_18xx_43xx.o
Chip_I2C_EventHandler                             out/lib/lpc_chip_43xx/src/i2c_18xx_43xx.o
Chip_I2C_EventHandlerPolling                      out/lib/lpc_chip_43xx/src/i2c_18xx_43xx.o
Chip_I2C_GetClockRate                             out/lib/lpc_chip_43xx/src/i2c_18xx_43xx.o
Chip_I2C_GetMasterEventHandler                    out/lib/lpc_chip_43xx/src/i2c_18xx_43xx.o
Chip_I2C_Init                                     out/lib/lpc_chip_43xx/src/i2c_18xx_43xx.o
Chip_I2C_IsMasterActive                           out/lib/lpc_chip_43xx/src/i2c_18xx_43xx.o
Chip_I2C_IsStateChanged                           out/lib/lpc_chip_43xx/src/i2c_18xx_43xx.o
Chip_I2C_MasterCmdRead                            out/lib/lpc_chip_43xx/src/i2c_18xx_43xx.o
Chip_I2C_MasterRead                               out/lib/lpc_chip_43xx/src/i2c_18xx_43xx.o
Chip_I2C_MasterSend                               out/lib/lpc_chip_43xx/src/i2c_18xx_43xx.o
Chip_I2C_MasterStateHandler                       out/lib/lpc_chip_43xx/src/i2c_18xx_43xx.o
Chip_I2C_MasterTransfer                           out/lib/lpc_chip_43xx/src/i2c_18xx_43xx.o
Chip_I2C_SetClockRate                             out/lib/lpc_chip_43xx/src/i2c_18xx_43xx.o
Chip_I2C_SetMasterEventHandler                    out/lib/lpc_chip_43xx/src/i2c_18xx_43xx.o
Chip_I2C_SlaveSetup                               out/lib/lpc_chip_43xx/src/i2c_18xx_43xx.o
Chip_I2C_SlaveStateHandler                        out/lib/lpc_chip_43xx/src/i2c_18xx_43xx.o
Chip_I2S_DMA_RxCmd                                out/lib/lpc_chip_43xx/src/i2s_18xx_43xx.o
Chip_I2S_DMA_TxCmd                                out/lib/lpc_chip_43xx/src/i2s_18xx_43xx.o
Chip_I2S_DeInit                                   out/lib/lpc_chip_43xx/src/i2s_18xx_43xx.o
Chip_I2S_Init                                     out/lib/lpc_chip_43xx/src/i2s_18xx_43xx.o
Chip_I2S_Int_RxCmd                                out/lib/lpc_chip_43xx/src/i2s_18xx_43xx.o
Chip_I2S_Int_TxCmd                                out/lib/lpc_chip_43xx/src/i2s_18xx_43xx.o
Chip_I2S_RxConfig                                 out/lib/lpc_chip_43xx/src/i2s_18xx_43xx.o
Chip_I2S_TxConfig                                 out/lib/lpc_chip_43xx/src/i2s_18xx_43xx.o
Chip_IAP_BlankCheckSector                         out/lib/lpc_chip_43xx/src/iap_18xx_43xx.o
Chip_IAP_Compare                                  out/lib/lpc_chip_43xx/src/iap_18xx_43xx.o
Chip_IAP_CopyRamToFlash                           out/lib/lpc_chip_43xx/src/iap_18xx_43xx.o
Chip_IAP_ErasePage                                out/lib/lpc_chip_43xx/src/iap_18xx_43xx.o
Chip_IAP_EraseSector                              out/lib/lpc_chip_43xx/src/iap_18xx_43xx.o
Chip_IAP_PreSectorForReadWrite                    out/lib/lpc_chip_43xx/src/iap_18xx_43xx.o
Chip_IAP_ReadBootCode                             out/lib/lpc_chip_43xx/src/iap_18xx_43xx.o
Chip_IAP_ReadPID                                  out/lib/lpc_chip_43xx/src/iap_18xx_43xx.o
Chip_IAP_ReadUID                                  out/lib/lpc_chip_43xx/src/iap_18xx_43xx.o
Chip_IAP_ReinvokeISP                              out/lib/lpc_chip_43xx/src/iap_18xx_43xx.o
Chip_IAP_SetBootFlashBank                         out/lib/lpc_chip_43xx/src/iap_18xx_43xx.o
Chip_LCD_Cursor_Config                            out/lib/lpc_chip_43xx/src/lcd_18xx_43xx.o
Chip_LCD_Cursor_WriteImage                        out/lib/lpc_chip_43xx/src/lcd_18xx_43xx.o
Chip_LCD_DeInit                                   out/lib/lpc_chip_43xx/src/lcd_18xx_43xx.o
Chip_LCD_Init                                     out/lib/lpc_chip_43xx/src/lcd_18xx_43xx.o
Chip_LCD_LoadPalette                              out/lib/lpc_chip_43xx/src/lcd_18xx_43xx.o
Chip_OTP_GenRand                                  out/lib/lpc_chip_43xx/src/otp_18xx_43xx.o
Chip_OTP_Init                                     out/lib/lpc_chip_43xx/src/otp_18xx_43xx.o
Chip_OTP_ProgBootSrc                              out/lib/lpc_chip_43xx/src/otp_18xx_43xx.o
Chip_OTP_ProgGPWord                               out/lib/lpc_chip_43xx/src/otp_18xx_43xx.o
Chip_OTP_ProgJTAGDis                              out/lib/lpc_chip_43xx/src/otp_18xx_43xx.o
Chip_OTP_ProgKey                                  out/lib/lpc_chip_43xx/src/otp_18xx_43xx.o
Chip_OTP_ProgUSBID                                out/lib/lpc_chip_43xx/src/otp_18xx_43xx.o
Chip_PMC_Set_PwrState                             out/lib/lpc_chip_43xx/src/pmc_18xx_43xx.o
Chip_PMC_Sleep                                    out/lib/lpc_chip_43xx/src/pmc_18xx_43xx.o
Chip_RIT_DeInit                                   out/lib/lpc_chip_43xx/src/ritimer_18xx_43xx.o
Chip_RIT_GetIntStatus                             out/lib/lpc_chip_43xx/src/ritimer_18xx_43xx.o
Chip_RIT_Init                                     out/lib/lpc_chip_43xx/src/ritimer_18xx_43xx.o
Chip_RIT_SetTimerInterval                         out/lib/lpc_chip_43xx/src/ritimer_18xx_43xx.o
Chip_RTC_AlarmIntConfig                           out/lib/lpc_chip_43xx/src/rtc_18xx_43xx.o
Chip_RTC_CalibCounterCmd                          out/lib/lpc_chip_43xx/src/rtc_18xx_43xx.o
Chip_RTC_CntIncrIntConfig                         out/lib/lpc_chip_43xx/src/rtc_18xx_43xx.o
Chip_RTC_DeInit                                   out/lib/lpc_chip_43xx/src/rtc_18xx_43xx.o
Chip_RTC_EV_GetFirstTimeStamp                     out/lib/lpc_chip_43xx/src/rtc_18xx_43xx.o
Chip_RTC_EV_GetLastTimeStamp                      out/lib/lpc_chip_43xx/src/rtc_18xx_43xx.o
Chip_RTC_Enable                                   out/lib/lpc_chip_43xx/src/rtc_18xx_43xx.o
Chip_RTC_GetFullAlarmTime                         out/lib/lpc_chip_43xx/src/rtc_18xx_43xx.o
Chip_RTC_GetFullTime                              out/lib/lpc_chip_43xx/src/rtc_18xx_43xx.o
Chip_RTC_Init                                     out/lib/lpc_chip_43xx/src/rtc_18xx_43xx.o
Chip_RTC_ResetClockTickCounter                    out/lib/lpc_chip_43xx/src/rtc_18xx_43xx.o
Chip_RTC_SetFullAlarmTime                         out/lib/lpc_chip_43xx/src/rtc_18xx_43xx.o
Chip_RTC_SetFullTime                              out/lib/lpc_chip_43xx/src/rtc_18xx_43xx.o
Chip_SCTPWM_SetOutPin                             out/lib/lpc_chip_43xx/src/sct_pwm_18xx_43xx.o
Chip_SCTPWM_SetRate                               out/lib/lpc_chip_43xx/src/sct_pwm_18xx_43xx.o
Chip_SCT_DeInit                                   out/lib/lpc_chip_43xx/src/sct_18xx_43xx.o
Chip_SCT_Init                                     out/lib/lpc_chip_43xx/src/sct_18xx_43xx.o
Chip_SCT_SetClrControl                            out/lib/lpc_chip_43xx/src/sct_18xx_43xx.o
Chip_SCT_SetConflictResolution                    out/lib/lpc_chip_43xx/src/sct_18xx_43xx.o
Chip_SDIF_DeInit                                  out/lib/lpc_chip_43xx/src/sdif_18xx_43xx.o
Chip_SDIF_DmaSetup                                out/lib/lpc_chip_43xx/src/sdif_18xx_43xx.o
                                                  out/lib/lpc_chip_43xx/src/sdmmc_18xx_43xx.o
                                                  out/lib/lpc_chip_43xx/src/sdio_18xx_43xx.o
Chip_SDIF_GetResponse                             out/lib/lpc_chip_43xx/src/sdif_18xx_43xx.o
                                                  out/lib/lpc_chip_43xx/src/sdmmc_18xx_43xx.o
                                                  out/lib/lpc_chip_43xx/src/sdio_18xx_43xx.o
Chip_SDIF_Init                                    out/lib/lpc_chip_43xx/src/sdif_18xx_43xx.o
Chip_SDIF_SendCmd                                 out/lib/lpc_chip_43xx/src/sdif_18xx_43xx.o
                                                  out/lib/lpc_chip_43xx/src/sdmmc_18xx_43xx.o
                                                  out/lib/lpc_chip_43xx/src/sdio_18xx_43xx.o
Chip_SDIF_SetClearIntFifo                         out/lib/lpc_chip_43xx/src/sdif_18xx_43xx.o
                                                  out/lib/lpc_chip_43xx/src/sdmmc_18xx_43xx.o
Chip_SDIF_SetClock                                out/lib/lpc_chip_43xx/src/sdif_18xx_43xx.o
                                                  out/lib/lpc_chip_43xx/src/sdmmc_18xx_43xx.o
                                                  out/lib/lpc_chip_43xx/src/sdio_18xx_43xx.o
Chip_SDMMC_Acquire                                out/lib/lpc_chip_43xx/src/sdmmc_18xx_43xx.o
Chip_SDMMC_GetDeviceBlocks                        out/lib/lpc_chip_43xx/src/sdmmc_18xx_43xx.o
Chip_SDMMC_GetDeviceSize                          out/lib/lpc_chip_43xx/src/sdmmc_18xx_43xx.o
Chip_SDMMC_GetState                               out/lib/lpc_chip_43xx/src/sdmmc_18xx_43xx.o
Chip_SDMMC_ReadBlocks                             out/lib/lpc_chip_43xx/src/sdmmc_18xx_43xx.o
Chip_SDMMC_WriteBlocks                            out/lib/lpc_chip_43xx/src/sdmmc_18xx_43xx.o
Chip_SPI_DeInit                                   out/lib/lpc_chip_43xx/src/spi_18xx_43xx.o
Chip_SPI_Init                                     out/lib/lpc_chip_43xx/src/spi_18xx_43xx.o
Chip_SPI_Int_FlushData                            out/lib/lpc_chip_43xx/src/spi_18xx_43xx.o
Chip_SPI_Int_RWFrames                             out/lib/lpc_chip_43xx/src/spi_18xx_43xx.o
Chip_SPI_Int_RWFrames16Bits                       out/lib/lpc_chip_43xx/src/spi_18xx_43xx.o
Chip_SPI_Int_RWFrames8Bits                        out/lib/lpc_chip_43xx/src/spi_18xx_43xx.o
Chip_SPI_RWFrames_Blocking                        out/lib/lpc_chip_43xx/src/spi_18xx_43xx.o
Chip_SPI_SetBitRate                               out/lib/lpc_chip_43xx/src/spi_18xx_43xx.o
Chip_SSP_DeInit                                   out/lib/lpc_chip_43xx/src/ssp_18xx_43xx.o
Chip_SSP_Init                                     out/lib/lpc_chip_43xx/src/ssp_18xx_43xx.o
Chip_SSP_Int_FlushData                            out/lib/lpc_chip_43xx/src/ssp_18xx_43xx.o
Chip_SSP_Int_RWFrames16Bits                       out/lib/lpc_chip_43xx/src/ssp_18xx_43xx.o
Chip_SSP_Int_RWFrames8Bits                        out/lib/lpc_chip_43xx/src/ssp_18xx_43xx.o
Chip_SSP_RWFrames_Blocking                        out/lib/lpc_chip_43xx/src/ssp_18xx_43xx.o
Chip_SSP_ReadFrames_Blocking                      out/lib/lpc_chip_43xx/src/ssp_18xx_43xx.o
Chip_SSP_SetBitRate                               out/lib/lpc_chip_43xx/src/ssp_18xx_43xx.o
Chip_SSP_SetClockRate                             out/lib/lpc_chip_43xx/src/ssp_18xx_43xx.o
Chip_SSP_SetMaster                                out/lib/lpc_chip_43xx/src/ssp_18xx_43xx.o
Chip_SSP_WriteFrames_Blocking                     out/lib/lpc_chip_43xx/src/ssp_18xx_43xx.o
Chip_SetupCoreClock                               out/lib/lpc_chip_43xx/src/sysinit_18xx_43xx.o
                                                  out/lib/lpc_board_ciaa_edu_4337/src/board_sysinit.o
Chip_SetupIrcClocking                             out/lib/lpc_chip_43xx/src/sysinit_18xx_43xx.o
Chip_SetupXtalClocking                            out/lib/lpc_chip_43xx/src/sysinit_18xx_43xx.o
Chip_SystemInit                                   out/lib/lpc_chip_43xx/src/sysinit_18xx_43xx.o
Chip_TIMER_DeInit                                 out/lib/lpc_chip_43xx/src/timer_18xx_43xx.o
Chip_TIMER_ExtMatchControlSet                     out/lib/lpc_chip_43xx/src/timer_18xx_43xx.o
Chip_TIMER_Init                                   out/lib/lpc_chip_43xx/src/timer_18xx_43xx.o
                                                  out/lib/lpc_chip_43xx/src/stopwatch_18xx_43xx.o
Chip_TIMER_Reset                                  out/lib/lpc_chip_43xx/src/timer_18xx_43xx.o
Chip_UART_ABCmd                                   out/lib/lpc_chip_43xx/src/uart_18xx_43xx.o
Chip_UART_CheckBusy                               out/lib/lpc_chip_43xx/src/uart_18xx_43xx.o
Chip_UART_DeInit                                  out/lib/lpc_chip_43xx/src/uart_18xx_43xx.o
Chip_UART_GetABEOStatus                           out/lib/lpc_chip_43xx/src/uart_18xx_43xx.o
Chip_UART_IRQRBHandler                            out/lib/lpc_chip_43xx/src/uart_18xx_43xx.o
Chip_UART_Init                                    out/lib/lpc_chip_43xx/src/uart_18xx_43xx.o
                                                  out/lib/lpc_board_ciaa_edu_4337/src/board.o
Chip_UART_RXIntHandlerRB                          out/lib/lpc_chip_43xx/src/uart_18xx_43xx.o
Chip_UART_Read                                    out/lib/lpc_chip_43xx/src/uart_18xx_43xx.o
Chip_UART_ReadBlocking                            out/lib/lpc_chip_43xx/src/uart_18xx_43xx.o
Chip_UART_ReadRB                                  out/lib/lpc_chip_43xx/src/uart_18xx_43xx.o
Chip_UART_Send                                    out/lib/lpc_chip_43xx/src/uart_18xx_43xx.o
Chip_UART_SendBlocking                            out/lib/lpc_chip_43xx/src/uart_18xx_43xx.o
Chip_UART_SendRB                                  out/lib/lpc_chip_43xx/src/uart_18xx_43xx.o
Chip_UART_SetBaud                                 out/lib/lpc_chip_43xx/src/uart_18xx_43xx.o
Chip_UART_SetBaudFDR                              out/lib/lpc_chip_43xx/src/uart_18xx_43xx.o
                                                  out/lib/lpc_board_ciaa_edu_4337/src/board.o
Chip_UART_TXIntHandlerRB                          out/lib/lpc_chip_43xx/src/uart_18xx_43xx.o
Chip_USB0_Init                                    out/lib/lpc_chip_43xx/src/chip_18xx_43xx.o
Chip_USB1_Init                                    out/lib/lpc_chip_43xx/src/chip_18xx_43xx.o
Chip_WWDT_ClearStatusFlag                         out/lib/lpc_chip_43xx/src/wwdt_18xx_43xx.o
Chip_WWDT_DeInit                                  out/lib/lpc_chip_43xx/src/wwdt_18xx_43xx.o
Chip_WWDT_Init                                    out/lib/lpc_chip_43xx/src/wwdt_18xx_43xx.o
DAC_IRQHandler                                    out/lib/lpc_board_ciaa_edu_4337/src/cr_startup_lpc43xx.o
DMA_IRQHandler                                    out/lib/lpc_board_ciaa_edu_4337/src/cr_startup_lpc43xx.o
DebugMon_Handler                                  out/lib/lpc_board_ciaa_edu_4337/src/cr_startup_lpc43xx.o
ETH_IRQHandler                                    out/lib/lpc_board_ciaa_edu_4337/src/cr_startup_lpc43xx.o
EVRT_IRQHandler                                   out/lib/lpc_board_ciaa_edu_4337/src/cr_startup_lpc43xx.o
ExtRateIn                                         out/lib/lpc_board_ciaa_edu_4337/src/board.o
                                                  out/lib/lpc_chip_43xx/src/clock_18xx_43xx.o
FLASH_EEPROM_IRQHandler                           out/lib/lpc_board_ciaa_edu_4337/src/cr_startup_lpc43xx.o
GINT0_IRQHandler                                  out/lib/lpc_board_ciaa_edu_4337/src/cr_startup_lpc43xx.o
GINT1_IRQHandler                                  out/lib/lpc_board_ciaa_edu_4337/src/cr_startup_lpc43xx.o
GPIO0_IRQHandler                                  out/lib/lpc_board_ciaa_edu_4337/src/cr_startup_lpc43xx.o
GPIO1_IRQHandler                                  out/lib/lpc_board_ciaa_edu_4337/src/cr_startup_lpc43xx.o
GPIO2_IRQHandler                                  out/lib/lpc_board_ciaa_edu_4337/src/cr_startup_lpc43xx.o
GPIO3_IRQHandler                                  out/lib/lpc_board_ciaa_edu_4337/src/cr_startup_lpc43xx.o
GPIO4_IRQHandler                                  out/lib/lpc_board_ciaa_edu_4337/src/cr_startup_lpc43xx.o
GPIO5_IRQHandler                                  out/lib/lpc_board_ciaa_edu_4337/src/cr_startup_lpc43xx.o
GPIO6_IRQHandler                                  out/lib/lpc_board_ciaa_edu_4337/src/cr_startup_lpc43xx.o
GPIO7_IRQHandler                                  out/lib/lpc_board_ciaa_edu_4337/src/cr_startup_lpc43xx.o
HardFault_Handler                                 out/lib/lpc_board_ciaa_edu_4337/src/cr_startup_lpc43xx.o
I2C0_IRQHandler                                   out/lib/lpc_board_ciaa_edu_4337/src/cr_startup_lpc43xx.o
I2C1_IRQHandler                                   out/lib/lpc_board_ciaa_edu_4337/src/cr_startup_lpc43xx.o
I2S0_IRQHandler                                   out/lib/lpc_board_ciaa_edu_4337/src/cr_startup_lpc43xx.o
I2S1_IRQHandler                                   out/lib/lpc_board_ciaa_edu_4337/src/cr_startup_lpc43xx.o
IntDefaultHandler                                 out/lib/lpc_board_ciaa_edu_4337/src/cr_startup_lpc43xx.o
LCD_IRQHandler                                    out/lib/lpc_board_ciaa_edu_4337/src/cr_startup_lpc43xx.o
M0APP_IRQHandler                                  out/lib/lpc_board_ciaa_edu_4337/src/cr_startup_lpc43xx.o
M0SUB_IRQHandler                                  out/lib/lpc_board_ciaa_edu_4337/src/cr_startup_lpc43xx.o
MCPWM_IRQHandler                                  out/lib/lpc_board_ciaa_edu_4337/src/cr_startup_lpc43xx.o
MemManage_Handler                                 out/lib/lpc_board_ciaa_edu_4337/src/cr_startup_lpc43xx.o
NMI_Handler                                       out/lib/lpc_board_ciaa_edu_4337/src/cr_startup_lpc43xx.o
OscRateIn                                         out/lib/lpc_board_ciaa_edu_4337/src/board.o
                                                  out/lib/lpc_chip_43xx/src/clock_18xx_43xx.o
PendSV_Handler                                    out/lib/lpc_board_ciaa_edu_4337/src/cr_startup_lpc43xx.o
QEI_IRQHandler                                    out/lib/lpc_board_ciaa_edu_4337/src/cr_startup_lpc43xx.o
RIT_IRQHandler                                    out/lib/lpc_board_ciaa_edu_4337/src/cr_startup_lpc43xx.o
RTC_IRQHandler                                    out/lib/lpc_board_ciaa_edu_4337/src/cr_startup_lpc43xx.o
ResetISR                                          out/lib/lpc_board_ciaa_edu_4337/src/cr_startup_lpc43xx.o
RingBuffer_Init                                   out/lib/lpc_chip_43xx/src/ring_buffer.o
RingBuffer_Insert                                 out/lib/lpc_chip_43xx/src/ring_buffer.o
                                                  out/lib/lpc_chip_43xx/src/uart_18xx_43xx.o
RingBuffer_InsertMult                             out/lib/lpc_chip_43xx/src/ring_buffer.o
                                                  out/lib/lpc_chip_43xx/src/uart_18xx_43xx.o
RingBuffer_Pop                                    out/lib/lpc_chip_43xx/src/ring_buffer.o
                                                  out/lib/lpc_chip_43xx/src/uart_18xx_43xx.o
RingBuffer_PopMult                                out/lib/lpc_chip_43xx/src/ring_buffer.o
                                                  out/lib/lpc_chip_43xx/src/uart_18xx_43xx.o
SCT_IRQHandler                                    out/lib/lpc_board_ciaa_edu_4337/src/cr_startup_lpc43xx.o
SDIO_Card_DisableInt                              out/lib/lpc_chip_43xx/src/sdio_18xx_43xx.o
SDIO_Card_EnableInt                               out/lib/lpc_chip_43xx/src/sdio_18xx_43xx.o
SDIO_Card_GetBlockSize                            out/lib/lpc_chip_43xx/src/sdio_18xx_43xx.o
SDIO_Card_Init                                    out/lib/lpc_chip_43xx/src/sdio_18xx_43xx.o
SDIO_Card_ReadData                                out/lib/lpc_chip_43xx/src/sdio_18xx_43xx.o
SDIO_Card_SetBlockSize                            out/lib/lpc_chip_43xx/src/sdio_18xx_43xx.o
SDIO_Card_WriteData                               out/lib/lpc_chip_43xx/src/sdio_18xx_43xx.o
SDIO_Handler                                      out/lib/lpc_chip_43xx/src/sdio_18xx_43xx.o
SDIO_IRQHandler                                   out/lib/lpc_board_ciaa_edu_4337/src/cr_startup_lpc43xx.o
SDIO_Read_Direct                                  out/lib/lpc_chip_43xx/src/sdio_18xx_43xx.o
SDIO_Send_Command                                 out/lib/lpc_chip_43xx/src/sdio_18xx_43xx.o
SDIO_Setup_Callback                               out/lib/lpc_chip_43xx/src/sdio_18xx_43xx.o
SDIO_WriteRead_Direct                             out/lib/lpc_chip_43xx/src/sdio_18xx_43xx.o
SDIO_Write_Direct                                 out/lib/lpc_chip_43xx/src/sdio_18xx_43xx.o
SGPIO_IRQHandler                                  out/lib/lpc_board_ciaa_edu_4337/src/cr_startup_lpc43xx.o
SPIFI_IRQHandler                                  out/lib/lpc_board_ciaa_edu_4337/src/cr_startup_lpc43xx.o
SPI_IRQHandler                                    out/lib/lpc_board_ciaa_edu_4337/src/cr_startup_lpc43xx.o
SSP0_IRQHandler                                   out/lib/lpc_board_ciaa_edu_4337/src/cr_startup_lpc43xx.o
SSP1_IRQHandler                                   out/lib/lpc_board_ciaa_edu_4337/src/cr_startup_lpc43xx.o
SVC_Handler                                       out/lib/lpc_board_ciaa_edu_4337/src/cr_startup_lpc43xx.o
StopWatch_Init                                    out/lib/lpc_chip_43xx/src/stopwatch_18xx_43xx.o
StopWatch_MsToTicks                               out/lib/lpc_chip_43xx/src/stopwatch_18xx_43xx.o
StopWatch_Start                                   out/lib/lpc_chip_43xx/src/stopwatch_18xx_43xx.o
StopWatch_TicksPerSecond                          out/lib/lpc_chip_43xx/src/stopwatch_18xx_43xx.o
StopWatch_TicksToMs                               out/lib/lpc_chip_43xx/src/stopwatch_18xx_43xx.o
StopWatch_TicksToUs                               out/lib/lpc_chip_43xx/src/stopwatch_18xx_43xx.o
StopWatch_UsToTicks                               out/lib/lpc_chip_43xx/src/stopwatch_18xx_43xx.o
SysTick_Handler                                   out/app/src/SysTick_Handler.o
                                                  out/lib/lpc_board_ciaa_edu_4337/src/cr_startup_lpc43xx.o
SystemCoreClock                                   out/lib/lpc_chip_43xx/src/chip_18xx_43xx.o
                                                  out/lib/lpc_chip_43xx/src/enet_18xx_43xx.o
                                                  out/lib/lpc_chip_43xx/src/iap_18xx_43xx.o
                                                  out/app/src/main.o
SystemCoreClockUpdate                             out/lib/lpc_chip_43xx/src/chip_18xx_43xx.o
                                                  out/app/src/main.o
SystemInit                                        out/lib/lpc_board_ciaa_edu_4337/src/sysinit.o
                                                  out/lib/lpc_board_ciaa_edu_4337/src/cr_startup_lpc43xx.o
TIMER0_IRQHandler                                 out/lib/lpc_board_ciaa_edu_4337/src/cr_startup_lpc43xx.o
TIMER1_IRQHandler                                 out/lib/lpc_board_ciaa_edu_4337/src/cr_startup_lpc43xx.o
TIMER2_IRQHandler                                 out/lib/lpc_board_ciaa_edu_4337/src/cr_startup_lpc43xx.o
TIMER3_IRQHandler                                 out/lib/lpc_board_ciaa_edu_4337/src/cr_startup_lpc43xx.o
UART0_IRQHandler                                  out/lib/lpc_board_ciaa_edu_4337/src/cr_startup_lpc43xx.o
UART1_IRQHandler                                  out/lib/lpc_board_ciaa_edu_4337/src/cr_startup_lpc43xx.o
UART2_IRQHandler                                  out/lib/lpc_board_ciaa_edu_4337/src/cr_startup_lpc43xx.o
UART3_IRQHandler                                  out/lib/lpc_board_ciaa_edu_4337/src/cr_startup_lpc43xx.o
USB0_IRQHandler                                   out/lib/lpc_board_ciaa_edu_4337/src/cr_startup_lpc43xx.o
USB1_IRQHandler                                   out/lib/lpc_board_ciaa_edu_4337/src/cr_startup_lpc43xx.o
UsageFault_Handler                                out/lib/lpc_board_ciaa_edu_4337/src/cr_startup_lpc43xx.o
WDT_IRQHandler                                    out/lib/lpc_board_ciaa_edu_4337/src/cr_startup_lpc43xx.o
_NVIC_SetPriorityGrouping                         out/lib/lpc_board_ciaa_edu_4337/src/cmsis_heper.o
_SysTick_Config                                   out/lib/lpc_board_ciaa_edu_4337/src/cmsis_heper.o
__aeabi_idiv0                                     /usr/bin/../lib/gcc/arm-none-eabi/7.3.1/thumb/v7e-m/fpv4-sp/hard/libgcc.a(_dvmd_tls.o)
__aeabi_ldiv0                                     /usr/bin/../lib/gcc/arm-none-eabi/7.3.1/thumb/v7e-m/fpv4-sp/hard/libgcc.a(_dvmd_tls.o)
                                                  /usr/bin/../lib/gcc/arm-none-eabi/7.3.1/thumb/v7e-m/fpv4-sp/hard/libgcc.a(_aeabi_uldivmod.o)
__aeabi_uldivmod                                  /usr/bin/../lib/gcc/arm-none-eabi/7.3.1/thumb/v7e-m/fpv4-sp/hard/libgcc.a(_aeabi_uldivmod.o)
                                                  out/lib/lpc_chip_43xx/src/i2s_18xx_43xx.o
                                                  out/lib/lpc_chip_43xx/src/uart_18xx_43xx.o
__bss_section_table_end                           out/lib/lpc_board_ciaa_edu_4337/src/cr_startup_lpc43xx.o
__data_section_table                              out/lib/lpc_board_ciaa_edu_4337/src/cr_startup_lpc43xx.o
__data_section_table_end                          out/lib/lpc_board_ciaa_edu_4337/src/cr_startup_lpc43xx.o
__udivmoddi4                                      /usr/bin/../lib/gcc/arm-none-eabi/7.3.1/thumb/v7e-m/fpv4-sp/hard/libgcc.a(_udivmoddi4.o)
                                                  /usr/bin/../lib/gcc/arm-none-eabi/7.3.1/thumb/v7e-m/fpv4-sp/hard/libgcc.a(_aeabi_uldivmod.o)
_close_r                                          out/lib/lpc_board_ciaa_edu_4337/src/system.o
_execve_r                                         out/lib/lpc_board_ciaa_edu_4337/src/system.o
_exit                                             out/lib/lpc_board_ciaa_edu_4337/src/system.o
_fcntl_r                                          out/lib/lpc_board_ciaa_edu_4337/src/system.o
_fork_r                                           out/lib/lpc_board_ciaa_edu_4337/src/system.o
_fstat_r                                          out/lib/lpc_board_ciaa_edu_4337/src/system.o
_getpid_r                                         out/lib/lpc_board_ciaa_edu_4337/src/system.o
_gettimeofday_r                                   out/lib/lpc_board_ciaa_edu_4337/src/system.o
_isatty_r                                         out/lib/lpc_board_ciaa_edu_4337/src/system.o
_kill_r                                           out/lib/lpc_board_ciaa_edu_4337/src/system.o
_link_r                                           out/lib/lpc_board_ciaa_edu_4337/src/system.o
_lseek_r                                          out/lib/lpc_board_ciaa_edu_4337/src/system.o
_mkdir_r                                          out/lib/lpc_board_ciaa_edu_4337/src/system.o
_open_r                                           out/lib/lpc_board_ciaa_edu_4337/src/system.o
_pvHeapStart                                      out/lib/lpc_board_ciaa_edu_4337/src/system.o
_read_r                                           out/lib/lpc_board_ciaa_edu_4337/src/system.o
_rename_r                                         out/lib/lpc_board_ciaa_edu_4337/src/system.o
_sbrk_r                                           out/lib/lpc_board_ciaa_edu_4337/src/system.o
_stat_r                                           out/lib/lpc_board_ciaa_edu_4337/src/system.o
_times_r                                          out/lib/lpc_board_ciaa_edu_4337/src/system.o
_unlink_r                                         out/lib/lpc_board_ciaa_edu_4337/src/system.o
_vStackTop                                        out/lib/lpc_board_ciaa_edu_4337/src/cr_startup_lpc43xx.o
_wait_r                                           out/lib/lpc_board_ciaa_edu_4337/src/system.o
_write_r                                          out/lib/lpc_board_ciaa_edu_4337/src/system.o
bss_init                                          out/lib/lpc_board_ciaa_edu_4337/src/cr_startup_lpc43xx.o
current_task                                      out/app/src/main.o
data_init                                         out/lib/lpc_board_ciaa_edu_4337/src/cr_startup_lpc43xx.o
fpuInit                                           out/lib/lpc_chip_43xx/src/fpu_init.o